Archive member included to satisfy reference by file (symbol)

/Applications/ArmGNUToolchain/13.3.rel1/arm-none-eabi/bin/../lib/gcc/arm-none-eabi/13.3.1/thumb/v6-m/nofp/libgcc.a(_dvmd_tls.o)
                              CMakeFiles/GGVTSPico.dir/Users/rohanarora/pico-sdk/src/rp2_common/pico_divider/divider_hardware.S.obj (__aeabi_idiv0)
/Applications/ArmGNUToolchain/13.3.rel1/arm-none-eabi/bin/../lib/gcc/arm-none-eabi/13.3.1/../../../../arm-none-eabi/lib/thumb/v6-m/nofp/libg.a(libc_a-calloc.o)
                              CMakeFiles/GGVTSPico.dir/Users/rohanarora/pico-sdk/src/rp2_common/pico_malloc/malloc.c.obj (calloc)
/Applications/ArmGNUToolchain/13.3.rel1/arm-none-eabi/bin/../lib/gcc/arm-none-eabi/13.3.1/../../../../arm-none-eabi/lib/thumb/v6-m/nofp/libg.a(libc_a-callocr.o)
                              /Applications/ArmGNUToolchain/13.3.rel1/arm-none-eabi/bin/../lib/gcc/arm-none-eabi/13.3.1/../../../../arm-none-eabi/lib/thumb/v6-m/nofp/libg.a(libc_a-calloc.o) (_calloc_r)
/Applications/ArmGNUToolchain/13.3.rel1/arm-none-eabi/bin/../lib/gcc/arm-none-eabi/13.3.1/../../../../arm-none-eabi/lib/thumb/v6-m/nofp/libg.a(libc_a-malloc.o)
                              CMakeFiles/GGVTSPico.dir/Users/rohanarora/pico-sdk/src/rp2_common/pico_malloc/malloc.c.obj (malloc)
/Applications/ArmGNUToolchain/13.3.rel1/arm-none-eabi/bin/../lib/gcc/arm-none-eabi/13.3.1/../../../../arm-none-eabi/lib/thumb/v6-m/nofp/libg.a(libc_a-mallocr.o)
                              /Applications/ArmGNUToolchain/13.3.rel1/arm-none-eabi/bin/../lib/gcc/arm-none-eabi/13.3.1/../../../../arm-none-eabi/lib/thumb/v6-m/nofp/libg.a(libc_a-callocr.o) (_malloc_r)
/Applications/ArmGNUToolchain/13.3.rel1/arm-none-eabi/bin/../lib/gcc/arm-none-eabi/13.3.1/../../../../arm-none-eabi/lib/thumb/v6-m/nofp/libg.a(libc_a-mlock.o)
                              /Applications/ArmGNUToolchain/13.3.rel1/arm-none-eabi/bin/../lib/gcc/arm-none-eabi/13.3.1/../../../../arm-none-eabi/lib/thumb/v6-m/nofp/libg.a(libc_a-mallocr.o) (__malloc_lock)
/Applications/ArmGNUToolchain/13.3.rel1/arm-none-eabi/bin/../lib/gcc/arm-none-eabi/13.3.1/../../../../arm-none-eabi/lib/thumb/v6-m/nofp/libg.a(libc_a-realloc.o)
                              CMakeFiles/GGVTSPico.dir/Users/rohanarora/pico-sdk/src/rp2_common/pico_malloc/malloc.c.obj (realloc)
/Applications/ArmGNUToolchain/13.3.rel1/arm-none-eabi/bin/../lib/gcc/arm-none-eabi/13.3.1/../../../../arm-none-eabi/lib/thumb/v6-m/nofp/libg.a(libc_a-reallocr.o)
                              /Applications/ArmGNUToolchain/13.3.rel1/arm-none-eabi/bin/../lib/gcc/arm-none-eabi/13.3.1/../../../../arm-none-eabi/lib/thumb/v6-m/nofp/libg.a(libc_a-realloc.o) (_realloc_r)
/Applications/ArmGNUToolchain/13.3.rel1/arm-none-eabi/bin/../lib/gcc/arm-none-eabi/13.3.1/../../../../arm-none-eabi/lib/thumb/v6-m/nofp/libg.a(libc_a-memcmp.o)
                              CMakeFiles/GGVTSPico.dir/Users/rohanarora/pico-sdk/src/rp2_common/pico_atomic/atomic.c.obj (memcmp)
/Applications/ArmGNUToolchain/13.3.rel1/arm-none-eabi/bin/../lib/gcc/arm-none-eabi/13.3.1/../../../../arm-none-eabi/lib/thumb/v6-m/nofp/libg.a(libc_a-memmove.o)
                              /Applications/ArmGNUToolchain/13.3.rel1/arm-none-eabi/bin/../lib/gcc/arm-none-eabi/13.3.1/../../../../arm-none-eabi/lib/thumb/v6-m/nofp/libg.a(libc_a-reallocr.o) (memmove)
/Applications/ArmGNUToolchain/13.3.rel1/arm-none-eabi/bin/../lib/gcc/arm-none-eabi/13.3.1/../../../../arm-none-eabi/lib/thumb/v6-m/nofp/libg.a(libc_a-lcltime_r.o)
                              CMakeFiles/GGVTSPico.dir/Users/rohanarora/pico-sdk/src/common/pico_util/datetime.c.obj (localtime_r)
/Applications/ArmGNUToolchain/13.3.rel1/arm-none-eabi/bin/../lib/gcc/arm-none-eabi/13.3.1/../../../../arm-none-eabi/lib/thumb/v6-m/nofp/libg.a(libc_a-mktime.o)
                              CMakeFiles/GGVTSPico.dir/Users/rohanarora/pico-sdk/src/common/pico_util/datetime.c.obj (mktime)
/Applications/ArmGNUToolchain/13.3.rel1/arm-none-eabi/bin/../lib/gcc/arm-none-eabi/13.3.1/../../../../arm-none-eabi/lib/thumb/v6-m/nofp/libg.a(libc_a-month_lengths.o)
                              /Applications/ArmGNUToolchain/13.3.rel1/arm-none-eabi/bin/../lib/gcc/arm-none-eabi/13.3.1/../../../../arm-none-eabi/lib/thumb/v6-m/nofp/libg.a(libc_a-lcltime_r.o) (__month_lengths)
/Applications/ArmGNUToolchain/13.3.rel1/arm-none-eabi/bin/../lib/gcc/arm-none-eabi/13.3.1/../../../../arm-none-eabi/lib/thumb/v6-m/nofp/libg.a(libc_a-tzcalc_limits.o)
                              /Applications/ArmGNUToolchain/13.3.rel1/arm-none-eabi/bin/../lib/gcc/arm-none-eabi/13.3.1/../../../../arm-none-eabi/lib/thumb/v6-m/nofp/libg.a(libc_a-lcltime_r.o) (__tzcalc_limits)
/Applications/ArmGNUToolchain/13.3.rel1/arm-none-eabi/bin/../lib/gcc/arm-none-eabi/13.3.1/../../../../arm-none-eabi/lib/thumb/v6-m/nofp/libg.a(libc_a-tzlock.o)
[...]
Memory Configuration

Name             Origin             Length             Attributes
FLASH            0x10000000         0x00200000         xr
RAM              0x20000000         0x00040000         xrw
SCRATCH_X        0x20040000         0x00001000         xrw
SCRATCH_Y        0x20041000         0x00001000         xrw
*default*        0x00000000         0xffffffff

Linker script and memory map

LOAD /Applications/ArmGNUToolchain/13.3.rel1/arm-none-eabi/bin/../lib/gcc/arm-none-eabi/13.3.1/thumb/v6-m/nofp/crti.o
LOAD /Applications/ArmGNUToolchain/13.3.rel1/arm-none-eabi/bin/../lib/gcc/arm-none-eabi/13.3.1/thumb/v6-m/nofp/crtbegin.o
LOAD /Applications/ArmGNUToolchain/13.3.rel1/arm-none-eabi/bin/../lib/gcc/arm-none-eabi/13.3.1/../../../../arm-none-eabi/lib/thumb/v6-m/nofp/crt0.o

.flash_begin    0x10000000        0x0
                0x10000000                        __flash_binary_start = .

.boot2          0x10000000      0x100
                0x10000000                        __boot2_start__ = .
 *(.boot2)
 .boot2         0x10000000      0x100 /var/folders/x1/8vb5h0h10nzb592_dmdz7bcc0000gn/T//ccygYfOv.o
                0x10000100                        __boot2_end__ = .
                0x00000001                        ASSERT (((__boot2_end__ - __boot2_start__) == 0x100), ERROR: Pico second stage bootloader must be 256 bytes in size)

.text           0x10000100     0x3a50
                0x10000100                        __logical_binary_start = .
 *(.vectors)
 .vectors       0x10000100       0xd4 CMakeFiles/GGVTSPico.dir/Users/rohanarora/pico-sdk/src/rp2_common/pico_crt0/crt0.S.obj
                0x10000100                __VECTOR_TABLE
                0x10000100                __vectors
                0x100001c0                __default_isrs_start
                0x100001c0                isr_invalid
                0x100001c2                isr_nmi
                0x100001c4                isr_hardfault
                0x100001c6                isr_svcall
                0x100001c8                isr_pendsv
                0x100001ca                isr_systick
                0x100001cc                isr_irq28
                0x100001cc                isr_irq19
                0x100001cc                isr_irq0
                0x100001cc                isr_irq6
                0x100001cc                isr_irq22
                0x100001cc                isr_irq17
                0x100001cc                isr_irq14
                0x100001cc                isr_irq2
                0x100001cc                isr_irq10
                0x100001cc                isr_irq8
                0x100001cc                isr_irq24
                0x100001cc                isr_irq1
                0x100001cc                isr_irq7
                0x100001cc                isr_irq21
                0x100001cc                isr_irq20
                0x100001cc                isr_irq15
                0x100001cc                isr_irq25
                0x100001cc                isr_irq4
                0x100001cc                isr_irq16
                0x100001cc                isr_irq29
                0x100001cc                isr_irq26
                0x100001cc                __default_isrs_end
                0x100001cc                isr_irq3
                0x100001cc                isr_irq9
                0x100001cc                __unhandled_user_irq
                0x100001cc                isr_irq13
                0x100001cc                isr_irq27
                0x100001cc                isr_irq31
                0x100001cc                isr_irq5
                0x100001cc                isr_irq11
                0x100001cc                isr_irq23
                0x100001cc                isr_irq18
                0x100001cc                isr_irq30
                0x100001cc                isr_irq12
                0x100001d2                unhandled_user_irq_num_in_r0
 *(.binary_info_header)
 .binary_info_header
                0x100001d4       0x14 CMakeFiles/GGVTSPico.dir/Users/rohanarora/pico-sdk/src/rp2_common/pico_crt0/crt0.S.obj
                0x100001e8                        __binary_info_header_end = .
 *(.embedded_block)
                0x100001e8                        __embedded_block_end = .
 *(.reset)
 .reset         0x100001e8       0x9c CMakeFiles/GGVTSPico.dir/Users/rohanarora/pico-sdk/src/rp2_common/pico_crt0/crt0.S.obj
                0x100001e8                _entry_point
 *(.init)
 .init          0x10000284        0x4 /Applications/ArmGNUToolchain/13.3.rel1/arm-none-eabi/bin/../lib/gcc/arm-none-eabi/13.3.1/thumb/v6-m/nofp/crti.o
                0x10000284                _init
 *(EXCLUDE_FILE(*libm.a: *libc.a:*lib_a-mem*.o *libgcc.a:) .text*)
 .text.register_tm_clones
                0x10000288       0x28 /Applications/ArmGNUToolchain/13.3.rel1/arm-none-eabi/bin/../lib/gcc/arm-none-eabi/13.3.1/thumb/v6-m/nofp/crtbegin.o
 .text.frame_dummy
                0x100002b0       0x24 /Applications/ArmGNUToolchain/13.3.rel1/arm-none-eabi/bin/../lib/gcc/arm-none-eabi/13.3.1/thumb/v6-m/nofp/crtbegin.o
 .text.timer0_isr
                0x100002d4       0x2c CMakeFiles/GGVTSPico.dir/timer.c.obj
                0x100002d4                timer0_isr
 .text.timer1_isr
                0x10000300       0x28 CMakeFiles/GGVTSPico.dir/timer.c.obj
                0x10000300                timer1_isr
 .text.delete_message_timer
                0x10000328       0x50 CMakeFiles/GGVTSPico.dir/timer.c.obj
                0x10000328                delete_message_timer
 .text.set_location_frequency
                0x10000378       0x68 CMakeFiles/GGVTSPico.dir/timer.c.obj
                0x10000378                set_location_frequency
 .text.check_response_message
                0x100003e0       0xdc CMakeFiles/GGVTSPico.dir/response.c.obj
                0x100003e0                check_response_message
 .text.response_back
                0x100004bc      0x138 CMakeFiles/GGVTSPico.dir/response.c.obj
                0x100004bc                response_back
 .text.get_user_info
                0x100005f4       0x24 CMakeFiles/GGVTSPico.dir/response.c.obj
                0x100005f4                get_user_info
 .text.perform_functionality
                0x10000618      0x2ec CMakeFiles/GGVTSPico.dir/functionality.c.obj
                0x10000618                perform_functionality
 .text.extract_user_info
                0x10000904      0x22c CMakeFiles/GGVTSPico.dir/functionality.c.obj
                0x10000904                extract_user_info
 .text.reset_module
                0x10000b30       0xfc CMakeFiles/GGVTSPico.dir/functionality.c.obj
                0x10000b30                reset_module
 .text.wait_for_message
                0x10000c2c      0x380 CMakeFiles/GGVTSPico.dir/functionality.c.obj
                0x10000c2c                wait_for_message
 .text.initModule
                0x10000fac       0x3c CMakeFiles/GGVTSPico.dir/GGVTS.c.obj
                0x10000fac                initModule
 .text.startup.main
                0x10000fe8        0xc CMakeFiles/GGVTSPico.dir/GGVTS.c.obj
                0x10000fe8                main
 .text.checkResponse
                0x10000ff4       0x44 CMakeFiles/GGVTSPico.dir/GGVTS.c.obj
                0x10000ff4                checkResponse
 .text.clear_buffer
                0x10001038       0x38 CMakeFiles/GGVTSPico.dir/GGVTS.c.obj
                0x10001038                clear_buffer
 .text.uartInterruptHandler
                0x10001070      0x14c CMakeFiles/GGVTSPico.dir/uartInit.c.obj
                0x10001070                uartInterruptHandler
 .text.uartDebugInterruptHandler
                0x100011bc       0x7c CMakeFiles/GGVTSPico.dir/uartInit.c.obj
                0x100011bc                uartDebugInterruptHandler
 .text.sendDataOverUART
                0x10001238       0x68 CMakeFiles/GGVTSPico.dir/uartInit.c.obj
                0x10001238                sendDataOverUART
 .text.sendDataOverDebug
                0x100012a0       0xb8 CMakeFiles/GGVTSPico.dir/uartInit.c.obj
                0x100012a0                sendDataOverDebug
 .text.initUart
                0x10001358       0x78 CMakeFiles/GGVTSPico.dir/uartInit.c.obj
                0x10001358                initUart
 .text.initUartDebug
                0x100013d0       0x78 CMakeFiles/GGVTSPico.dir/uartInit.c.obj
                0x100013d0                initUartDebug
 .text.turnLEDon
                0x10001448       0x14 CMakeFiles/GGVTSPico.dir/ledFunctionality.c.obj
                0x10001448                turnLEDon
 .text.turnLEDoff
                0x1000145c       0x14 CMakeFiles/GGVTSPico.dir/ledFunctionality.c.obj
                0x1000145c                turnLEDoff
 .text.initGSM  0x10001470       0x8c CMakeFiles/GGVTSPico.dir/gsm.c.obj
                0x10001470                initGSM
 .text.extract_message
                0x100014fc       0xac CMakeFiles/GGVTSPico.dir/gsm.c.obj
                0x100014fc                extract_message
 .text.read_message
                0x100015a8       0x70 CMakeFiles/GGVTSPico.dir/gsm.c.obj
                0x100015a8                read_message
 .text.join_strings
                0x10001618       0x9c CMakeFiles/GGVTSPico.dir/stringoperations.c.obj
                0x10001618                join_strings
 .text.strlen_mod
                0x100016b4       0x18 CMakeFiles/GGVTSPico.dir/stringoperations.c.obj
                0x100016b4                strlen_mod
 .text.strcpy_mod
                0x100016cc       0x1c CMakeFiles/GGVTSPico.dir/stringoperations.c.obj
                0x100016cc                strcpy_mod
 .text.strcmp_mod
                0x100016e8       0x60 CMakeFiles/GGVTSPico.dir/stringoperations.c.obj
                0x100016e8                strcmp_mod
 .text.strstr_mod
                0x10001748       0x88 CMakeFiles/GGVTSPico.dir/stringoperations.c.obj
                0x10001748                strstr_mod
 .text.check_gps_status.part.0
                0x100017d0      0x2d4 CMakeFiles/GGVTSPico.dir/gps.c.obj
 .text.initGPS  0x10001aa4       0x6c CMakeFiles/GGVTSPico.dir/gps.c.obj
                0x10001aa4                initGPS
 .text.get_gps_location
                0x10001b10      0x130 CMakeFiles/GGVTSPico.dir/gps.c.obj
                0x10001b10                get_gps_location
 .text.send_location
                0x10001c40       0x50 CMakeFiles/GGVTSPico.dir/gps.c.obj
                0x10001c40                send_location
 .text.check_authentication
                0x10001c90       0x44 CMakeFiles/GGVTSPico.dir/authenticator.c.obj
                0x10001c90                check_authentication
 .text.gpio_set_function
                0x10001cd4       0x34 CMakeFiles/GGVTSPico.dir/Users/rohanarora/pico-sdk/src/rp2_common/hardware_gpio/gpio.c.obj
                0x10001cd4                gpio_set_function
 .text.gpio_init
                0x10001d08       0x40 CMakeFiles/GGVTSPico.dir/Users/rohanarora/pico-sdk/src/rp2_common/hardware_gpio/gpio.c.obj
                0x10001d08                gpio_init
 .text.panic    0x10001d48       0x30 CMakeFiles/GGVTSPico.dir/Users/rohanarora/pico-sdk/src/rp2_common/pico_platform_panic/panic.c.obj
                0x10001d48                panic
 .text.hw_claim_or_assert
                0x10001d78       0x44 CMakeFiles/GGVTSPico.dir/Users/rohanarora/pico-sdk/src/common/hardware_claim/claim.c.obj
                0x10001d78                hw_claim_or_assert
 .text.next_striped_spin_lock_num
                0x10001dbc       0x18 CMakeFiles/GGVTSPico.dir/Users/rohanarora/pico-sdk/src/rp2_common/hardware_sync/sync.c.obj
                0x10001dbc                next_striped_spin_lock_num
 .text.spin_locks_reset
                0x10001dd4       0x1c CMakeFiles/GGVTSPico.dir/Users/rohanarora/pico-sdk/src/rp2_common/hardware_sync_spin_lock/sync_spin_lock.c.obj
                0x10001dd4                spin_locks_reset
 .text.runtime_init_per_core_irq_priorities
                0x10001df0       0x24 CMakeFiles/GGVTSPico.dir/Users/rohanarora/pico-sdk/src/rp2_common/hardware_irq/irq.c.obj
                0x10001df0                runtime_init_per_core_irq_priorities
 .text.irq_set_enabled
                0x10001e14       0x24 CMakeFiles/GGVTSPico.dir/Users/rohanarora/pico-sdk/src/rp2_common/hardware_irq/irq.c.obj
                0x10001e14                irq_set_enabled
 .text.irq_set_exclusive_handler
                0x10001e38       0x54 CMakeFiles/GGVTSPico.dir/Users/rohanarora/pico-sdk/src/rp2_common/hardware_irq/irq.c.obj
                0x10001e38                irq_set_exclusive_handler
 .text.irq_remove_handler
                0x10001e8c      0x1d4 CMakeFiles/GGVTSPico.dir/Users/rohanarora/pico-sdk/src/rp2_common/hardware_irq/irq.c.obj
                0x10001e8c                irq_remove_handler
 .text.irq_add_tail_to_free_list
                0x10002060       0xb4 CMakeFiles/GGVTSPico.dir/Users/rohanarora/pico-sdk/src/rp2_common/hardware_irq/irq.c.obj
                0x10002060                irq_add_tail_to_free_list
 .text.lock_init
                0x10002114       0x10 CMakeFiles/GGVTSPico.dir/Users/rohanarora/pico-sdk/src/common/pico_sync/lock_core.c.obj
                0x10002114                lock_init
 .text.runtime_init_mutex
                0x10002124       0x50 CMakeFiles/GGVTSPico.dir/Users/rohanarora/pico-sdk/src/common/pico_sync/mutex.c.obj
                0x10002124                runtime_init_mutex
 .text.sleep_until_callback
                0x10002174       0x30 CMakeFiles/GGVTSPico.dir/Users/rohanarora/pico-sdk/src/common/pico_time/time.c.obj
 .text.alarm_pool_irq_handler
                0x100021a4      0x2e4 CMakeFiles/GGVTSPico.dir/Users/rohanarora/pico-sdk/src/common/pico_time/time.c.obj
 .text.runtime_init_default_alarm_pool
                0x10002488       0xdc CMakeFiles/GGVTSPico.dir/Users/rohanarora/pico-sdk/src/common/pico_time/time.c.obj
                0x10002488                runtime_init_default_alarm_pool
 .text.alarm_pool_get_default
                0x10002564        0x8 CMakeFiles/GGVTSPico.dir/Users/rohanarora/pico-sdk/src/common/pico_time/time.c.obj
                0x10002564                alarm_pool_get_default
 .text.alarm_pool_add_alarm_at_force_in_context
                0x1000256c       0xb0 CMakeFiles/GGVTSPico.dir/Users/rohanarora/pico-sdk/src/common/pico_time/time.c.obj
                0x1000256c                alarm_pool_add_alarm_at_force_in_context
 .text.alarm_pool_cancel_alarm
                0x1000261c       0x74 CMakeFiles/GGVTSPico.dir/Users/rohanarora/pico-sdk/src/common/pico_time/time.c.obj
                0x1000261c                alarm_pool_cancel_alarm
 .text.sleep_until
                0x10002690       0xd8 CMakeFiles/GGVTSPico.dir/Users/rohanarora/pico-sdk/src/common/pico_time/time.c.obj
                0x10002690                sleep_until
 .text.sleep_ms
                0x10002768       0x38 CMakeFiles/GGVTSPico.dir/Users/rohanarora/pico-sdk/src/common/pico_time/time.c.obj
                0x10002768                sleep_ms
 .text.best_effort_wfe_or_timeout
                0x100027a0      0x134 CMakeFiles/GGVTSPico.dir/Users/rohanarora/pico-sdk/src/common/pico_time/time.c.obj
                0x100027a0                best_effort_wfe_or_timeout
 .text.alarm_pool_add_repeating_timer_us
                0x100028d4      0x128 CMakeFiles/GGVTSPico.dir/Users/rohanarora/pico-sdk/src/common/pico_time/time.c.obj
                0x100028d4                alarm_pool_add_repeating_timer_us
 .text.cancel_repeating_timer
                0x100029fc       0x84 CMakeFiles/GGVTSPico.dir/Users/rohanarora/pico-sdk/src/common/pico_time/time.c.obj
                0x100029fc                cancel_repeating_timer
 .text.timer_hardware_alarm_claim
                0x10002a80       0x14 CMakeFiles/GGVTSPico.dir/Users/rohanarora/pico-sdk/src/rp2_common/hardware_timer/timer.c.obj
                0x10002a80                timer_hardware_alarm_claim
 .text.timer_time_us_64
                0x10002a94       0x10 CMakeFiles/GGVTSPico.dir/Users/rohanarora/pico-sdk/src/rp2_common/hardware_timer/timer.c.obj
                0x10002a94                timer_time_us_64
 .text.time_us_64
                0x10002aa4       0x14 CMakeFiles/GGVTSPico.dir/Users/rohanarora/pico-sdk/src/rp2_common/hardware_timer/timer.c.obj
                0x10002aa4                time_us_64
 .text.busy_wait_us
                0x10002ab8       0x68 CMakeFiles/GGVTSPico.dir/Users/rohanarora/pico-sdk/src/rp2_common/hardware_timer/timer.c.obj
                0x10002ab8                busy_wait_us
 .text.busy_wait_until
                0x10002b20       0x20 CMakeFiles/GGVTSPico.dir/Users/rohanarora/pico-sdk/src/rp2_common/hardware_timer/timer.c.obj
                0x10002b20                busy_wait_until
 .text.uart_init
                0x10002b40      0x120 CMakeFiles/GGVTSPico.dir/Users/rohanarora/pico-sdk/src/rp2_common/hardware_uart/uart.c.obj
                0x10002b40                uart_init
 .text.uart_set_baudrate
                0x10002c60       0xb4 CMakeFiles/GGVTSPico.dir/Users/rohanarora/pico-sdk/src/rp2_common/hardware_uart/uart.c.obj
                0x10002c60                uart_set_baudrate
 .text.uart_set_format
                0x10002d14       0x78 CMakeFiles/GGVTSPico.dir/Users/rohanarora/pico-sdk/src/rp2_common/hardware_uart/uart.c.obj
                0x10002d14                uart_set_format
 .text.uart_set_fifo_enabled
                0x10002d8c       0x5c CMakeFiles/GGVTSPico.dir/Users/rohanarora/pico-sdk/src/rp2_common/hardware_uart/uart.c.obj
                0x10002d8c                uart_set_fifo_enabled
 .text.clock_configure_int_divider
                0x10002de8       0xf4 CMakeFiles/GGVTSPico.dir/Users/rohanarora/pico-sdk/src/rp2_common/hardware_clocks/clocks.c.obj
                0x10002de8                clock_configure_int_divider
 .text.clock_configure_undivided
                0x10002edc       0xe8 CMakeFiles/GGVTSPico.dir/Users/rohanarora/pico-sdk/src/rp2_common/hardware_clocks/clocks.c.obj
                0x10002edc                clock_configure_undivided
 .text.clock_get_hz
                0x10002fc4        0xc CMakeFiles/GGVTSPico.dir/Users/rohanarora/pico-sdk/src/rp2_common/hardware_clocks/clocks.c.obj
                0x10002fc4                clock_get_hz
 .text.pll_init
                0x10002fd0       0xa4 CMakeFiles/GGVTSPico.dir/Users/rohanarora/pico-sdk/src/rp2_common/hardware_pll/pll.c.obj
                0x10002fd0                pll_init
 .text.tick_start
                0x10003074       0x10 CMakeFiles/GGVTSPico.dir/Users/rohanarora/pico-sdk/src/rp2_common/hardware_ticks/ticks.c.obj
                0x10003074                tick_start
 .text.xosc_init
                0x10003084       0x28 CMakeFiles/GGVTSPico.dir/Users/rohanarora/pico-sdk/src/rp2_common/hardware_xosc/xosc.c.obj
                0x10003084                xosc_init
 .text.first_per_core_initializer
                0x100030ac        0x4 CMakeFiles/GGVTSPico.dir/Users/rohanarora/pico-sdk/src/rp2_common/pico_runtime/runtime.c.obj
 .text.hard_assertion_failure
                0x100030b0        0xc CMakeFiles/GGVTSPico.dir/Users/rohanarora/pico-sdk/src/rp2_common/pico_runtime/runtime.c.obj
                0x100030b0                hard_assertion_failure
 .text.runtime_run_initializers
                0x100030bc       0x28 CMakeFiles/GGVTSPico.dir/Users/rohanarora/pico-sdk/src/rp2_common/pico_runtime/runtime.c.obj
                0x100030bc                runtime_run_initializers
 .text.runtime_init_early_resets
                0x100030e4       0x2c CMakeFiles/GGVTSPico.dir/Users/rohanarora/pico-sdk/src/rp2_common/pico_runtime_init/runtime_init.c.obj
                0x100030e4                runtime_init_early_resets
 .text.runtime_init_usb_power_down
                0x10003110       0x1c CMakeFiles/GGVTSPico.dir/Users/rohanarora/pico-sdk/src/rp2_common/pico_runtime_init/runtime_init.c.obj
                0x10003110                runtime_init_usb_power_down
 .text.runtime_init_post_clock_resets
                0x1000312c       0x20 CMakeFiles/GGVTSPico.dir/Users/rohanarora/pico-sdk/src/rp2_common/pico_runtime_init/runtime_init.c.obj
                0x1000312c                runtime_init_post_clock_resets
 .text.runtime_init_rp2040_gpio_ie_disable
                0x1000314c       0x14 CMakeFiles/GGVTSPico.dir/Users/rohanarora/pico-sdk/src/rp2_common/pico_runtime_init/runtime_init.c.obj
                0x1000314c                runtime_init_rp2040_gpio_ie_disable
 .text.runtime_init_spin_locks_reset
                0x10003160        0x8 CMakeFiles/GGVTSPico.dir/Users/rohanarora/pico-sdk/src/rp2_common/pico_runtime_init/runtime_init.c.obj
                0x10003160                runtime_init_spin_locks_reset
 .text.runtime_init_install_ram_vector_table
                0x10003168       0x1c CMakeFiles/GGVTSPico.dir/Users/rohanarora/pico-sdk/src/rp2_common/pico_runtime_init/runtime_init.c.obj
                0x10003168                runtime_init_install_ram_vector_table
 .text.runtime_init_clocks
                0x10003184       0xd8 CMakeFiles/GGVTSPico.dir/Users/rohanarora/pico-sdk/src/rp2_common/pico_runtime_init/runtime_init_clocks.c.obj
                0x10003184                runtime_init_clocks
 .text          0x1000325c       0x10 CMakeFiles/GGVTSPico.dir/Users/rohanarora/pico-sdk/src/rp2_common/pico_bit_ops/bit_ops_aeabi.S.obj
 .text.rom_func_lookup
                0x1000326c       0x10 CMakeFiles/GGVTSPico.dir/Users/rohanarora/pico-sdk/src/rp2_common/pico_bootrom/bootrom.c.obj
                0x1000326c                rom_func_lookup
 .text.rom_data_lookup
                0x1000327c       0x10 CMakeFiles/GGVTSPico.dir/Users/rohanarora/pico-sdk/src/rp2_common/pico_bootrom/bootrom.c.obj
                0x1000327c                rom_data_lookup
 .text.rom_funcs_lookup
                0x1000328c       0x44 CMakeFiles/GGVTSPico.dir/Users/rohanarora/pico-sdk/src/rp2_common/pico_bootrom/bootrom.c.obj
                0x1000328c                rom_funcs_lookup
 .text.__wrap___aeabi_uidiv
                0x100032d0       0x4c CMakeFiles/GGVTSPico.dir/Users/rohanarora/pico-sdk/src/rp2_common/pico_divider/divider_hardware.S.obj
                0x100032d0                __wrap___aeabi_uidiv
                0x100032d0                __wrap___aeabi_uidivmod
                0x100032d0                div_u32u32
                0x100032d0                divmod_u32u32
                0x100032d8                divmod_u32u32_unsafe
                0x10003300                divmod_u32u32_savestate
 .text.__aeabi_double_init
                0x1000331c       0xa4 CMakeFiles/GGVTSPico.dir/Users/rohanarora/pico-sdk/src/rp2_common/pico_double/double_init_rom_rp2040.c.obj
                0x1000331c                __aeabi_double_init
 .text.double_table_shim_on_use_helper
                0x100033c0       0x2c CMakeFiles/GGVTSPico.dir/Users/rohanarora/pico-sdk/src/rp2_common/pico_double/double_v1_rom_shim_rp2040.S.obj
                0x100033c0                double_table_shim_on_use_helper
 .text.__aeabi_lmul
                0x100033ec       0x32 CMakeFiles/GGVTSPico.dir/Users/rohanarora/pico-sdk/src/rp2_common/pico_int64_ops/pico_int64_ops_aeabi.S.obj
                0x100033ec                __wrap___aeabi_lmul
 *fill*         0x1000341e        0x2 
 .text.__aeabi_float_init
                0x10003420       0x64 CMakeFiles/GGVTSPico.dir/Users/rohanarora/pico-sdk/src/rp2_common/pico_float/float_init_rom_rp2040.c.obj
                0x10003420                __aeabi_float_init
 .text.float_table_shim_on_use_helper
                0x10003484       0x2c CMakeFiles/GGVTSPico.dir/Users/rohanarora/pico-sdk/src/rp2_common/pico_float/float_v1_rom_shim_rp2040.S.obj
                0x10003484                float_table_shim_on_use_helper
 .text          0x100034b0       0x10 CMakeFiles/GGVTSPico.dir/Users/rohanarora/pico-sdk/src/rp2_common/pico_mem_ops/mem_ops_aeabi.S.obj
                0x100034b0                __aeabi_mem_init
 .text.memset   0x100034c0        0xc CMakeFiles/GGVTSPico.dir/Users/rohanarora/pico-sdk/src/rp2_common/pico_mem_ops/mem_ops_aeabi.S.obj
                0x100034c0                __wrap_memset
 .text.memcpy   0x100034cc        0xc CMakeFiles/GGVTSPico.dir/Users/rohanarora/pico-sdk/src/rp2_common/pico_mem_ops/mem_ops_aeabi.S.obj
                0x100034cc                __wrap___aeabi_memcpy
                0x100034cc                __wrap_memcpy
 .text._out_char
                0x100034d8       0x10 CMakeFiles/GGVTSPico.dir/Users/rohanarora/pico-sdk/src/rp2_common/pico_printf/printf.c.obj
 .text.weak_raw_vprintf
                0x100034e8       0x30 CMakeFiles/GGVTSPico.dir/Users/rohanarora/pico-sdk/src/rp2_common/pico_printf/printf.c.obj
                0x100034e8                weak_raw_vprintf
 .text._exit    0x10003518        0x4 CMakeFiles/GGVTSPico.dir/Users/rohanarora/pico-sdk/src/rp2_common/pico_clib_interface/newlib_interface.c.obj
                0x10003518                _exit
 .text.exit     0x1000351c        0x8 CMakeFiles/GGVTSPico.dir/Users/rohanarora/pico-sdk/src/rp2_common/pico_clib_interface/newlib_interface.c.obj
                0x1000351c                exit
 .text.runtime_init
                0x10003524       0x2c CMakeFiles/GGVTSPico.dir/Users/rohanarora/pico-sdk/src/rp2_common/pico_clib_interface/newlib_interface.c.obj
                0x10003524                runtime_init
 .text.stdio_out_chars_no_crlf
                0x10003550       0x10 CMakeFiles/GGVTSPico.dir/Users/rohanarora/pico-sdk/src/rp2_common/pico_stdio/stdio.c.obj
 .text.stdio_out_chars_crlf
                0x10003560       0x94 CMakeFiles/GGVTSPico.dir/Users/rohanarora/pico-sdk/src/rp2_common/pico_stdio/stdio.c.obj
 .text.stdio_put_string
                0x100035f4      0x100 CMakeFiles/GGVTSPico.dir/Users/rohanarora/pico-sdk/src/rp2_common/pico_stdio/stdio.c.obj
                0x100035f4                stdio_put_string
 .text.stdio_set_driver_enabled
                0x100036f4       0x30 CMakeFiles/GGVTSPico.dir/Users/rohanarora/pico-sdk/src/rp2_common/pico_stdio/stdio.c.obj
                0x100036f4                stdio_set_driver_enabled
 .text.stdio_init_all
                0x10003724        0xc CMakeFiles/GGVTSPico.dir/Users/rohanarora/pico-sdk/src/rp2_common/pico_stdio/stdio.c.obj
                0x10003724                stdio_init_all
 .text.__wrap_putchar
                0x10003730       0x98 CMakeFiles/GGVTSPico.dir/Users/rohanarora/pico-sdk/src/rp2_common/pico_stdio/stdio.c.obj
                0x10003730                stdio_putchar
                0x10003730                __wrap_putchar
 .text.__wrap_puts
                0x100037c8       0x3c CMakeFiles/GGVTSPico.dir/Users/rohanarora/pico-sdk/src/rp2_common/pico_stdio/stdio.c.obj
                0x100037c8                __wrap_puts
                0x100037c8                stdio_puts
 .text.stdio_uart_out_chars
                0x10003804       0x4c CMakeFiles/GGVTSPico.dir/Users/rohanarora/pico-sdk/src/rp2_common/pico_stdio_uart/stdio_uart.c.obj
 .text.stdio_uart_in_chars
                0x10003850       0x90 CMakeFiles/GGVTSPico.dir/Users/rohanarora/pico-sdk/src/rp2_common/pico_stdio_uart/stdio_uart.c.obj
                0x10003850                stdio_uart_in_chars
 .text.on_uart_rx
                0x100038e0       0x28 CMakeFiles/GGVTSPico.dir/Users/rohanarora/pico-sdk/src/rp2_common/pico_stdio_uart/stdio_uart.c.obj
 .text.stdio_uart_out_flush
                0x10003908       0x10 CMakeFiles/GGVTSPico.dir/Users/rohanarora/pico-sdk/src/rp2_common/pico_stdio_uart/stdio_uart.c.obj
 .text.stdio_uart_set_chars_available_callback
                0x10003918       0x8c CMakeFiles/GGVTSPico.dir/Users/rohanarora/pico-sdk/src/rp2_common/pico_stdio_uart/stdio_uart.c.obj
 .text.stdio_uart_init
                0x100039a4       0x50 CMakeFiles/GGVTSPico.dir/Users/rohanarora/pico-sdk/src/rp2_common/pico_stdio_uart/stdio_uart.c.obj
                0x100039a4                stdio_uart_init
 .text          0x100039f4       0x88 /Applications/ArmGNUToolchain/13.3.rel1/arm-none-eabi/bin/../lib/gcc/arm-none-eabi/13.3.1/../../../../arm-none-eabi/lib/thumb/v6-m/nofp/libg.a(libc_a-strcmp.o)
                0x100039f4                strcmp
 .text.strlen   0x10003a7c       0x5c /Applications/ArmGNUToolchain/13.3.rel1/arm-none-eabi/bin/../lib/gcc/arm-none-eabi/13.3.1/../../../../arm-none-eabi/lib/thumb/v6-m/nofp/libg.a(libc_a-strlen-stub.o)
                0x10003a7c                strlen
 *(.fini)
 .fini          0x10003ad8        0x4 /Applications/ArmGNUToolchain/13.3.rel1/arm-none-eabi/bin/../lib/gcc/arm-none-eabi/13.3.1/thumb/v6-m/nofp/crti.o
                0x10003ad8                _fini
 *fill*         0x10003adc        0x4 
 .fini.__stub   0x10003ae0       0x30 linker stubs
 *crtbegin.o(.ctors)
 *crtbegin?.o(.ctors)
 *(EXCLUDE_FILE(*crtend.o *crtend?.o) .ctors)
 *(SORT_BY_NAME(.ctors.*))
 *(.ctors)
 *crtbegin.o(.dtors)
 *crtbegin?.o(.dtors)
 *(EXCLUDE_FILE(*crtend.o *crtend?.o) .dtors)
 *(SORT_BY_NAME(.dtors.*))
 *(.dtors)
                0x10003b10                        . = ALIGN (0x4)
                0x10003b10                        PROVIDE (__preinit_array_start = .)
 *(SORT_BY_NAME(.preinit_array.*))
 .preinit_array.00100
                0x10003b10        0x4 CMakeFiles/GGVTSPico.dir/Users/rohanarora/pico-sdk/src/rp2_common/pico_runtime_init/runtime_init.c.obj
                0x10003b10                __pre_init_runtime_init_early_resets
 .preinit_array.00101
                0x10003b14        0x4 CMakeFiles/GGVTSPico.dir/Users/rohanarora/pico-sdk/src/rp2_common/pico_runtime_init/runtime_init.c.obj
                0x10003b14                __pre_init_runtime_init_usb_power_down
 .preinit_array.00275
                0x10003b18        0x4 CMakeFiles/GGVTSPico.dir/Users/rohanarora/pico-sdk/src/rp2_common/pico_bit_ops/bit_ops_aeabi.S.obj
 .preinit_array.00300
                0x10003b1c        0x4 CMakeFiles/GGVTSPico.dir/Users/rohanarora/pico-sdk/src/rp2_common/pico_mem_ops/mem_ops_aeabi.S.obj
 .preinit_array.00350
                0x10003b20        0x4 CMakeFiles/GGVTSPico.dir/Users/rohanarora/pico-sdk/src/rp2_common/pico_double/double_aeabi_rp2040.S.obj
 .preinit_array.00350
                0x10003b24        0x4 CMakeFiles/GGVTSPico.dir/Users/rohanarora/pico-sdk/src/rp2_common/pico_float/float_aeabi_rp2040.S.obj
 .preinit_array.00500
                0x10003b28        0x4 CMakeFiles/GGVTSPico.dir/Users/rohanarora/pico-sdk/src/rp2_common/pico_runtime_init/runtime_init.c.obj
                0x10003b28                __pre_init_runtime_init_clocks
 .preinit_array.00600
                0x10003b2c        0x4 CMakeFiles/GGVTSPico.dir/Users/rohanarora/pico-sdk/src/rp2_common/pico_runtime_init/runtime_init.c.obj
                0x10003b2c                __pre_init_runtime_init_post_clock_resets
 .preinit_array.00700
                0x10003b30        0x4 CMakeFiles/GGVTSPico.dir/Users/rohanarora/pico-sdk/src/rp2_common/pico_runtime_init/runtime_init.c.obj
                0x10003b30                __pre_init_runtime_init_rp2040_gpio_ie_disable
 .preinit_array.01000
                0x10003b34        0x4 CMakeFiles/GGVTSPico.dir/Users/rohanarora/pico-sdk/src/rp2_common/pico_runtime_init/runtime_init.c.obj
                0x10003b34                __pre_init_runtime_init_spin_locks_reset
 .preinit_array.01100
                0x10003b38        0x4 CMakeFiles/GGVTSPico.dir/Users/rohanarora/pico-sdk/src/common/pico_sync/mutex.c.obj
                0x10003b38                __pre_init_runtime_init_mutex
 .preinit_array.10080
                0x10003b3c        0x4 CMakeFiles/GGVTSPico.dir/Users/rohanarora/pico-sdk/src/rp2_common/pico_runtime_init/runtime_init.c.obj
                0x10003b3c                __pre_init_runtime_init_install_ram_vector_table
 .preinit_array.11000
                0x10003b40        0x4 CMakeFiles/GGVTSPico.dir/Users/rohanarora/pico-sdk/src/common/pico_time/time.c.obj
                0x10003b40                __pre_init_runtime_init_default_alarm_pool
 .preinit_array.YYYYY
                0x10003b44        0x4 CMakeFiles/GGVTSPico.dir/Users/rohanarora/pico-sdk/src/rp2_common/pico_runtime/runtime.c.obj
                0x10003b44                __pre_init_first_per_core_initializer
 .preinit_array.ZZZZZ.01200
                0x10003b48        0x4 CMakeFiles/GGVTSPico.dir/Users/rohanarora/pico-sdk/src/rp2_common/hardware_irq/irq.c.obj
                0x10003b48                __pre_init_runtime_init_per_core_irq_priorities
 *(.preinit_array)
                0x10003b4c                        PROVIDE (__preinit_array_end = .)
                0x10003b4c                        . = ALIGN (0x4)
                0x10003b4c                        PROVIDE (__init_array_start = .)
 *(SORT_BY_NAME(.init_array.*))
 *(.init_array)
 .init_array    0x10003b4c        0x4 /Applications/ArmGNUToolchain/13.3.rel1/arm-none-eabi/bin/../lib/gcc/arm-none-eabi/13.3.1/thumb/v6-m/nofp/crtbegin.o
                0x10003b50                        PROVIDE (__init_array_end = .)
                0x10003b50                        . = ALIGN (0x4)
                [!provide]                        PROVIDE (__fini_array_start = .)
 *(SORT_BY_NAME(.fini_array.*))
 *(.fini_array)
                [!provide]                        PROVIDE (__fini_array_end = .)
 *(.eh_frame*)
 .eh_frame      0x10003b50        0x0 /Applications/ArmGNUToolchain/13.3.rel1/arm-none-eabi/bin/../lib/gcc/arm-none-eabi/13.3.1/thumb/v6-m/nofp/crtbegin.o
                0x10003b50                        . = ALIGN (0x4)

.glue_7         0x10003b50        0x0
 .glue_7        0x10003b50        0x0 linker stubs

.glue_7t        0x10003b50        0x0
 .glue_7t       0x10003b50        0x0 linker stubs

.vfp11_veneer   0x10003b50        0x0
 .vfp11_veneer  0x10003b50        0x0 linker stubs

.v4_bx          0x10003b50        0x0
 .v4_bx         0x10003b50        0x0 linker stubs

.iplt           0x10003b50        0x0
 .iplt          0x10003b50        0x0 /Applications/ArmGNUToolchain/13.3.rel1/arm-none-eabi/bin/../lib/gcc/arm-none-eabi/13.3.1/thumb/v6-m/nofp/crtbegin.o

.rodata         0x10003b50      0x628
 *(EXCLUDE_FILE(*libm.a: *libc.a:*lib_a-mem*.o *libgcc.a:) .rodata*)
 .rodata.delete_message_timer.str1.4
                0x10003b50      0x514 CMakeFiles/GGVTSPico.dir/timer.c.obj
                                  0xc (size before relaxing)
 .rodata.check_response_message.str1.4
                0x10004064        0xa CMakeFiles/GGVTSPico.dir/response.c.obj
 .rodata.response_back.str1.4
                0x10004064        0x9 CMakeFiles/GGVTSPico.dir/response.c.obj
 .rodata.get_user_info.str1.4
                0x10004064       0x34 CMakeFiles/GGVTSPico.dir/response.c.obj
 .rodata.perform_functionality.str1.4
                0x10004064       0x97 CMakeFiles/GGVTSPico.dir/functionality.c.obj
 .rodata.extract_user_info.str1.4
                0x10004064       0xb2 CMakeFiles/GGVTSPico.dir/functionality.c.obj
 .rodata.reset_module.str1.4
                0x10004064       0x3f CMakeFiles/GGVTSPico.dir/functionality.c.obj
 .rodata.wait_for_message.str1.4
                0x10004064       0x6f CMakeFiles/GGVTSPico.dir/functionality.c.obj
 .rodata        0x10004064       0x7d CMakeFiles/GGVTSPico.dir/functionality.c.obj
 .rodata.checkResponse.str1.4
                0x100040e1        0xa CMakeFiles/GGVTSPico.dir/GGVTS.c.obj
 .rodata.init.str1.4
                0x100040e1       0x16 CMakeFiles/GGVTSPico.dir/GGVTS.c.obj
 *fill*         0x100040e1        0x3 
 .rodata.LED_PIN
                0x100040e4        0x4 CMakeFiles/GGVTSPico.dir/GGVTS.c.obj
                0x100040e4                LED_PIN
 .rodata.str1.4
                0x100040e8       0xd2 CMakeFiles/GGVTSPico.dir/GGVTS.c.obj
 .rodata.read_message.str1.4
                0x100040e8        0x5 CMakeFiles/GGVTSPico.dir/gsm.c.obj
 .rodata.check_gps_status.part.0.str1.4
                0x100040e8       0xed CMakeFiles/GGVTSPico.dir/gps.c.obj
 .rodata.get_gps_location.str1.4
                0x100040e8       0x3a CMakeFiles/GGVTSPico.dir/gps.c.obj
 .rodata.str1.4
                0x100040e8       0x1e CMakeFiles/GGVTSPico.dir/gps.c.obj
 .rodata        0x100040e8       0x25 CMakeFiles/GGVTSPico.dir/gps.c.obj
 .rodata.check_authentication.str1.4
                0x1000410d       0x11 CMakeFiles/GGVTSPico.dir/authenticator.c.obj
 .rodata.panic.str1.4
                0x1000410d       0x12 CMakeFiles/GGVTSPico.dir/Users/rohanarora/pico-sdk/src/rp2_common/pico_platform_panic/panic.c.obj
 .rodata.timer_hardware_alarm_claim.str1.4
                0x1000410d       0x22 CMakeFiles/GGVTSPico.dir/Users/rohanarora/pico-sdk/src/rp2_common/hardware_timer/timer.c.obj
 .rodata.hard_assertion_failure.str1.4
                0x1000410d        0xc CMakeFiles/GGVTSPico.dir/Users/rohanarora/pico-sdk/src/rp2_common/pico_runtime/runtime.c.obj
 .rodata.str1.4
                0x1000410d       0x30 CMakeFiles/GGVTSPico.dir/Users/rohanarora/pico-sdk/src/rp2_common/pico_standard_binary_info/standard_binary_info.c.obj
 *fill*         0x1000410d        0x3 
 .rodata.__bi_84
                0x10004110        0xc CMakeFiles/GGVTSPico.dir/Users/rohanarora/pico-sdk/src/rp2_common/pico_standard_binary_info/standard_binary_info.c.obj
 .rodata.__bi_54
                0x1000411c        0xc CMakeFiles/GGVTSPico.dir/Users/rohanarora/pico-sdk/src/rp2_common/pico_standard_binary_info/standard_binary_info.c.obj
 .rodata.__bi_48
                0x10004128        0xc CMakeFiles/GGVTSPico.dir/Users/rohanarora/pico-sdk/src/rp2_common/pico_standard_binary_info/standard_binary_info.c.obj
 .rodata.__bi_42
                0x10004134        0xc CMakeFiles/GGVTSPico.dir/Users/rohanarora/pico-sdk/src/rp2_common/pico_standard_binary_info/standard_binary_info.c.obj
 .rodata.__bi_34
                0x10004140        0xc CMakeFiles/GGVTSPico.dir/Users/rohanarora/pico-sdk/src/rp2_common/pico_standard_binary_info/standard_binary_info.c.obj
 .rodata.__bi_26
                0x1000414c        0xc CMakeFiles/GGVTSPico.dir/Users/rohanarora/pico-sdk/src/rp2_common/pico_standard_binary_info/standard_binary_info.c.obj
 .rodata.crlf_str.0
                0x10004158        0x2 CMakeFiles/GGVTSPico.dir/Users/rohanarora/pico-sdk/src/rp2_common/pico_stdio/stdio.c.obj
 .rodata.str1.4
                0x1000415a       0x2c CMakeFiles/GGVTSPico.dir/Users/rohanarora/pico-sdk/src/rp2_common/pico_stdio_uart/stdio_uart.c.obj
 *fill*         0x1000415a        0x2 
 .rodata.__bi_45.4
                0x1000415c        0xc CMakeFiles/GGVTSPico.dir/Users/rohanarora/pico-sdk/src/rp2_common/pico_stdio_uart/stdio_uart.c.obj
 .rodata.__bi_49.5
                0x10004168        0x8 CMakeFiles/GGVTSPico.dir/Users/rohanarora/pico-sdk/src/rp2_common/pico_stdio_uart/stdio_uart.c.obj
 .rodata.__bi_50.6
                0x10004170        0x8 CMakeFiles/GGVTSPico.dir/Users/rohanarora/pico-sdk/src/rp2_common/pico_stdio_uart/stdio_uart.c.obj
                0x10004178                        . = ALIGN (0x4)
 *(SORT_BY_ALIGNMENT(SORT_BY_NAME(.flashdata*)))
                0x10004178                        . = ALIGN (0x4)

.ARM.extab
 *(.ARM.extab* .gnu.linkonce.armextab.*)
                0x10004178                        __exidx_start = .

.ARM.exidx
 *(.ARM.exidx* .gnu.linkonce.armexidx.*)
                0x10004178                        __exidx_end = .
                0x10004178                        . = ALIGN (0x4)
                0x10004178                        __binary_info_start = .

.binary_info    0x10004178       0x24
 *(.binary_info.keep.*)
 .binary_info.keep.__bi_ptr84
                0x10004178        0x4 CMakeFiles/GGVTSPico.dir/Users/rohanarora/pico-sdk/src/rp2_common/pico_standard_binary_info/standard_binary_info.c.obj
 .binary_info.keep.__bi_ptr54
                0x1000417c        0x4 CMakeFiles/GGVTSPico.dir/Users/rohanarora/pico-sdk/src/rp2_common/pico_standard_binary_info/standard_binary_info.c.obj
 .binary_info.keep.__bi_ptr48
                0x10004180        0x4 CMakeFiles/GGVTSPico.dir/Users/rohanarora/pico-sdk/src/rp2_common/pico_standard_binary_info/standard_binary_info.c.obj
 .binary_info.keep.__bi_ptr42
                0x10004184        0x4 CMakeFiles/GGVTSPico.dir/Users/rohanarora/pico-sdk/src/rp2_common/pico_standard_binary_info/standard_binary_info.c.obj
 .binary_info.keep.__bi_ptr34
                0x10004188        0x4 CMakeFiles/GGVTSPico.dir/Users/rohanarora/pico-sdk/src/rp2_common/pico_standard_binary_info/standard_binary_info.c.obj
 .binary_info.keep.__bi_ptr26
                0x1000418c        0x4 CMakeFiles/GGVTSPico.dir/Users/rohanarora/pico-sdk/src/rp2_common/pico_standard_binary_info/standard_binary_info.c.obj
 *(.binary_info.*)
 .binary_info.__bi_ptr50
                0x10004190        0x4 CMakeFiles/GGVTSPico.dir/Users/rohanarora/pico-sdk/src/rp2_common/pico_stdio_uart/stdio_uart.c.obj
 .binary_info.__bi_ptr49
                0x10004194        0x4 CMakeFiles/GGVTSPico.dir/Users/rohanarora/pico-sdk/src/rp2_common/pico_stdio_uart/stdio_uart.c.obj
 .binary_info.__bi_ptr45
                0x10004198        0x4 CMakeFiles/GGVTSPico.dir/Users/rohanarora/pico-sdk/src/rp2_common/pico_stdio_uart/stdio_uart.c.obj
                0x1000419c                        __binary_info_end = .

.rel.dyn        0x1000419c        0x0
 .rel.iplt      0x1000419c        0x0 /Applications/ArmGNUToolchain/13.3.rel1/arm-none-eabi/bin/../lib/gcc/arm-none-eabi/13.3.1/thumb/v6-m/nofp/crtbegin.o
                0x1000419c                        . = ALIGN (0x4)

.ram_vector_table
                0x20000000       0xc0
 *(.ram_vector_table)
 .ram_vector_table
                0x20000000       0xc0 CMakeFiles/GGVTSPico.dir/Users/rohanarora/pico-sdk/src/rp2_common/pico_runtime_init/runtime_init.c.obj
                0x20000000                ram_vector_table

.uninitialized_data
                0x200000c0        0x0
                0x200000c0                        . = ALIGN (0x4)
 *(.uninitialized_data*)

.data           0x200000c0      0x200 load address 0x1000419c
                0x200000c0                        __data_start__ = .
 *(vtable)
 *(.time_critical*)
 .time_critical.mutex_try_enter_block_until
                0x200000c0       0x9c CMakeFiles/GGVTSPico.dir/Users/rohanarora/pico-sdk/src/common/pico_sync/mutex.c.obj
                0x200000c0                mutex_try_enter_block_until
 .time_critical.mutex_exit
                0x2000015c       0x28 CMakeFiles/GGVTSPico.dir/Users/rohanarora/pico-sdk/src/common/pico_sync/mutex.c.obj
                0x2000015c                mutex_exit
 *(.text*)
 .text          0x20000184        0x4 /Applications/ArmGNUToolchain/13.3.rel1/arm-none-eabi/bin/../lib/gcc/arm-none-eabi/13.3.1/thumb/v6-m/nofp/libgcc.a(_dvmd_tls.o)
                0x20000184                __aeabi_ldiv0
                0x20000184                __aeabi_idiv0
 .text.__stub   0x20000188       0x10 linker stubs
                0x20000198                        . = ALIGN (0x4)
 *(.rodata*)
                0x20000198                        . = ALIGN (0x4)
 *(.data*)
 .data.comp     0x20000198        0x4 CMakeFiles/GGVTSPico.dir/GGVTS.c.obj
                0x20000198                comp
 .data.DATA_SEND
                0x2000019c        0x1 CMakeFiles/GGVTSPico.dir/GGVTS.c.obj
                0x2000019c                DATA_SEND
 .data.ESCAPE   0x2000019d        0x1 CMakeFiles/GGVTSPico.dir/GGVTS.c.obj
                0x2000019d                ESCAPE
 *fill*         0x2000019e        0x2 
 .data.MAP_LINK
                0x200001a0        0x4 CMakeFiles/GGVTSPico.dir/GGVTS.c.obj
                0x200001a0                MAP_LINK
 .data.SEND_MESSAGE
                0x200001a4        0x4 CMakeFiles/GGVTSPico.dir/GGVTS.c.obj
                0x200001a4                SEND_MESSAGE
 .data.USER_NUMBER
                0x200001a8        0xe CMakeFiles/GGVTSPico.dir/GGVTS.c.obj
                0x200001a8                USER_NUMBER
 *fill*         0x200001b6        0x2 
 .data.OWNER_NUMBER
                0x200001b8        0x4 CMakeFiles/GGVTSPico.dir/GGVTS.c.obj
                0x200001b8                OWNER_NUMBER
 .data.GPS_INIT
                0x200001bc        0x4 CMakeFiles/GGVTSPico.dir/GGVTS.c.obj
                0x200001bc                GPS_INIT
 .data.GPS_STATUS
                0x200001c0        0x4 CMakeFiles/GGVTSPico.dir/GGVTS.c.obj
                0x200001c0                GPS_STATUS
 .data.GPS_LOCATION
                0x200001c4        0x4 CMakeFiles/GGVTSPico.dir/GGVTS.c.obj
                0x200001c4                GPS_LOCATION
 .data.GSM_READ_MSG
                0x200001c8        0x4 CMakeFiles/GGVTSPico.dir/GGVTS.c.obj
                0x200001c8                GSM_READ_MSG
 .data.alpha    0x200001cc       0x2c CMakeFiles/GGVTSPico.dir/GGVTS.c.obj
                0x200001cc                alpha
 .data.GSM_INIT
                0x200001f8       0x10 CMakeFiles/GGVTSPico.dir/GGVTS.c.obj
                0x200001f8                GSM_INIT
 .data.glbColdStart
                0x20000208        0x4 CMakeFiles/GGVTSPico.dir/gps.c.obj
                0x20000208                glbColdStart
 .data.glbWarmStart
                0x2000020c        0x4 CMakeFiles/GGVTSPico.dir/gps.c.obj
                0x2000020c                glbWarmStart
 .data.striped_spin_lock_num
                0x20000210        0x1 CMakeFiles/GGVTSPico.dir/Users/rohanarora/pico-sdk/src/rp2_common/hardware_sync/sync.c.obj
 *fill*         0x20000211        0x3 
 .data          0x20000214       0x48 CMakeFiles/GGVTSPico.dir/Users/rohanarora/pico-sdk/src/rp2_common/hardware_irq/irq_handler_chain.S.obj
                0x20000214                irq_handler_chain_slots
                0x20000244                irq_handler_chain_first_slot
                0x2000024e                irq_handler_chain_remove_tail
 .data.default_alarm_pool
                0x2000025c       0x18 CMakeFiles/GGVTSPico.dir/Users/rohanarora/pico-sdk/src/common/pico_time/time.c.obj
 *fill*         0x20000274        0xc 
 .data.aeabi_bits_funcs
                0x20000280       0x10 CMakeFiles/GGVTSPico.dir/Users/rohanarora/pico-sdk/src/rp2_common/pico_bit_ops/bit_ops_aeabi.S.obj
                0x20000280                aeabi_bits_funcs
                0x20000290                aeabi_bits_funcs_end
 .data.aeabi_mem_funcs
                0x20000290       0x10 CMakeFiles/GGVTSPico.dir/Users/rohanarora/pico-sdk/src/rp2_common/pico_mem_ops/mem_ops_aeabi.S.obj
                0x20000290                aeabi_mem_funcs
                0x200002a0                aeabi_mem_funcs_end
 .data.stdio_uart
                0x200002a0       0x18 CMakeFiles/GGVTSPico.dir/Users/rohanarora/pico-sdk/src/rp2_common/pico_stdio_uart/stdio_uart.c.obj
                0x200002a0                stdio_uart
                0x200002b8                        . = ALIGN (0x4)
 *(.after_data.*)
                0x200002b8                        . = ALIGN (0x4)
                0x200002b8                        PROVIDE (__mutex_array_start = .)
 *(SORT_BY_NAME(.mutex_array.*))
 *(.mutex_array)
 .mutex_array   0x200002b8        0x8 CMakeFiles/GGVTSPico.dir/Users/rohanarora/pico-sdk/src/rp2_common/pico_stdio/stdio.c.obj
                0x200002c0                        PROVIDE (__mutex_array_end = .)
                0x200002c0                        . = ALIGN (0x4)
 *(.jcr)
                0x200002c0                        . = ALIGN (0x4)

.tm_clone_table
                0x200002c0        0x0 load address 0x1000439c
 .tm_clone_table
                0x200002c0        0x0 /Applications/ArmGNUToolchain/13.3.rel1/arm-none-eabi/bin/../lib/gcc/arm-none-eabi/13.3.1/thumb/v6-m/nofp/crtbegin.o
 .tm_clone_table
                0x200002c0        0x0 /Applications/ArmGNUToolchain/13.3.rel1/arm-none-eabi/bin/../lib/gcc/arm-none-eabi/13.3.1/thumb/v6-m/nofp/crtend.o

.igot.plt       0x200002c0        0x0 load address 0x1000439c
 .igot.plt      0x200002c0        0x0 /Applications/ArmGNUToolchain/13.3.rel1/arm-none-eabi/bin/../lib/gcc/arm-none-eabi/13.3.1/thumb/v6-m/nofp/crtbegin.o

.tdata          0x200002c0        0x0 load address 0x1000439c
                0x200002c0                        . = ALIGN (0x4)
 *(.tdata .tdata.* .gnu.linkonce.td.*)
                0x200002c0                        __tdata_end = .
                0x200002c0                        PROVIDE (__data_end__ = .)
                0x1000419c                        __etext = LOADADDR (.data)

.tbss           0x200002c0        0x0 load address 0x1000439c
                0x200002c0                        . = ALIGN (0x4)
                0x200002c0                        __bss_start__ = .
                0x200002c0                        __tls_base = .
 *(.tbss .tbss.* .gnu.linkonce.tb.*)
 *(.tcommon)
                0x200002c0                        __tls_end = .

.bss            0x200002c0      0x994 load address 0x1000439c
                0x200002c0                        . = ALIGN (0x4)
                0x200002c0                        __tbss_end = .
 *(SORT_BY_ALIGNMENT(SORT_BY_NAME(.bss*)))
 .bss.default_alarm_pool_entries
                0x200002c0      0x180 CMakeFiles/GGVTSPico.dir/Users/rohanarora/pico-sdk/src/common/pico_time/time.c.obj
 .bss.sd_table  0x20000440      0x100 CMakeFiles/GGVTSPico.dir/Users/rohanarora/pico-sdk/src/rp2_common/pico_double/double_init_rom_rp2040.c.obj
                0x20000440                sd_table
 .bss.sf_table  0x20000540      0x100 CMakeFiles/GGVTSPico.dir/Users/rohanarora/pico-sdk/src/rp2_common/pico_float/float_init_rom_rp2040.c.obj
                0x20000540                sf_table
 .bss.timer0    0x20000640       0x18 CMakeFiles/GGVTSPico.dir/GGVTS.c.obj
                0x20000640                timer0
 .bss.timer1    0x20000658       0x18 CMakeFiles/GGVTSPico.dir/GGVTS.c.obj
                0x20000658                timer1
 .bss.REC       0x20000670        0x4 CMakeFiles/GGVTSPico.dir/GGVTS.c.obj
                0x20000670                REC
 .bss.Received_Message_Count
                0x20000674        0x4 CMakeFiles/GGVTSPico.dir/GGVTS.c.obj
                0x20000674                Received_Message_Count
 .bss.USER_NAME
                0x20000678       0x14 CMakeFiles/GGVTSPico.dir/GGVTS.c.obj
                0x20000678                USER_NAME
 .bss.buffer_counter
                0x2000068c        0x4 CMakeFiles/GGVTSPico.dir/GGVTS.c.obj
                0x2000068c                buffer_counter
 .bss.chars_available_callback
                0x20000690        0x4 CMakeFiles/GGVTSPico.dir/Users/rohanarora/pico-sdk/src/rp2_common/pico_stdio_uart/stdio_uart.c.obj
 .bss.chars_available_param
                0x20000694        0x4 CMakeFiles/GGVTSPico.dir/Users/rohanarora/pico-sdk/src/rp2_common/pico_stdio_uart/stdio_uart.c.obj
 .bss.claimed   0x20000698        0x1 CMakeFiles/GGVTSPico.dir/Users/rohanarora/pico-sdk/src/rp2_common/hardware_timer/timer.c.obj
 *fill*         0x20000699        0x3 
 .bss.configured_freq
                0x2000069c       0x28 CMakeFiles/GGVTSPico.dir/Users/rohanarora/pico-sdk/src/rp2_common/hardware_clocks/clocks.c.obj
 .bss.drivers   0x200006c4        0x4 CMakeFiles/GGVTSPico.dir/Users/rohanarora/pico-sdk/src/rp2_common/pico_stdio/stdio.c.obj
 .bss.extracted_location
                0x200006c8       0x32 CMakeFiles/GGVTSPico.dir/GGVTS.c.obj
                0x200006c8                extracted_location
 *fill*         0x200006fa        0x2 
 .bss.extracted_message
                0x200006fc       0x32 CMakeFiles/GGVTSPico.dir/GGVTS.c.obj
                0x200006fc                extracted_message
 *fill*         0x2000072e        0x2 
 .bss.extracted_number
                0x20000730        0xe CMakeFiles/GGVTSPico.dir/GGVTS.c.obj
                0x20000730                extracted_number
 *fill*         0x2000073e        0x2 
 .bss.filter    0x20000740        0x4 CMakeFiles/GGVTSPico.dir/Users/rohanarora/pico-sdk/src/rp2_common/pico_stdio/stdio.c.obj
 .bss.joined_string
                0x20000744       0xc8 CMakeFiles/GGVTSPico.dir/GGVTS.c.obj
                0x20000744                joined_string
 .bss.lazy_vsnprintf
                0x2000080c        0x4 CMakeFiles/GGVTSPico.dir/Users/rohanarora/pico-sdk/src/rp2_common/pico_printf/printf.c.obj
 .bss.new_mes   0x20000810        0x4 CMakeFiles/GGVTSPico.dir/GGVTS.c.obj
                0x20000810                new_mes
 .bss.new_message
                0x20000814        0x4 CMakeFiles/GGVTSPico.dir/GGVTS.c.obj
                0x20000814                new_message
 .bss.object.0  0x20000818       0x18 /Applications/ArmGNUToolchain/13.3.rel1/arm-none-eabi/bin/../lib/gcc/arm-none-eabi/13.3.1/thumb/v6-m/nofp/crtbegin.o
 .bss.pools     0x20000830       0x10 CMakeFiles/GGVTSPico.dir/Users/rohanarora/pico-sdk/src/common/pico_time/time.c.obj
 .bss.response_temp
                0x20000840      0x1f4 CMakeFiles/GGVTSPico.dir/GGVTS.c.obj
                0x20000840                response_temp
 .bss.response_temp_debug
                0x20000a34      0x1f4 CMakeFiles/GGVTSPico.dir/GGVTS.c.obj
                0x20000a34                response_temp_debug
 .bss.sf_clz_func
                0x20000c28        0x4 CMakeFiles/GGVTSPico.dir/Users/rohanarora/pico-sdk/src/rp2_common/pico_double/double_init_rom_rp2040.c.obj
                0x20000c28                sf_clz_func
 .bss.sleep_notifier
                0x20000c2c        0x4 CMakeFiles/GGVTSPico.dir/Users/rohanarora/pico-sdk/src/common/pico_time/time.c.obj
 .bss.uart_char_to_line_feed
                0x20000c30        0x4 CMakeFiles/GGVTSPico.dir/Users/rohanarora/pico-sdk/src/rp2_common/hardware_uart/uart.c.obj
                0x20000c30                uart_char_to_line_feed
 .bss.uart_instance
                0x20000c34        0x4 CMakeFiles/GGVTSPico.dir/Users/rohanarora/pico-sdk/src/rp2_common/pico_stdio_uart/stdio_uart.c.obj
 .bss.user_info_stored
                0x20000c38        0x4 CMakeFiles/GGVTSPico.dir/functionality.c.obj
 .bss.ATTEMPTS  0x20000c3c        0x1 CMakeFiles/GGVTSPico.dir/GGVTS.c.obj
                0x20000c3c                ATTEMPTS
 .bss.CmdSentCount
                0x20000c3d        0x1 CMakeFiles/GGVTSPico.dir/GGVTS.c.obj
                0x20000c3d                CmdSentCount
 .bss.DELETE_MESSAGES
                0x20000c3e        0x1 CMakeFiles/GGVTSPico.dir/GGVTS.c.obj
                0x20000c3e                DELETE_MESSAGES
 .bss.DIAGNOSE  0x20000c3f        0x1 CMakeFiles/GGVTSPico.dir/GGVTS.c.obj
                0x20000c3f                DIAGNOSE
 .bss.ERROR     0x20000c40        0x1 CMakeFiles/GGVTSPico.dir/GGVTS.c.obj
                0x20000c40                ERROR
 .bss.IGNORE    0x20000c41        0x1 CMakeFiles/GGVTSPico.dir/GGVTS.c.obj
                0x20000c41                IGNORE
 .bss.LOCATION  0x20000c42        0x1 CMakeFiles/GGVTSPico.dir/GGVTS.c.obj
                0x20000c42                LOCATION
 .bss.Message_Frequency
                0x20000c43        0x1 CMakeFiles/GGVTSPico.dir/GGVTS.c.obj
                0x20000c43                Message_Frequency
 .bss.Read_Message_Count
                0x20000c44        0x1 CMakeFiles/GGVTSPico.dir/GGVTS.c.obj
                0x20000c44                Read_Message_Count
 .bss.SEND_LOCATION
                0x20000c45        0x1 CMakeFiles/GGVTSPico.dir/GGVTS.c.obj
                0x20000c45                SEND_LOCATION
 .bss.TIMER     0x20000c46        0x1 CMakeFiles/GGVTSPico.dir/GGVTS.c.obj
                0x20000c46                TIMER
 .bss.TIMER0    0x20000c47        0x1 CMakeFiles/GGVTSPico.dir/GGVTS.c.obj
                0x20000c47                TIMER0
 .bss.dataRecieved
                0x20000c48        0x1 CMakeFiles/GGVTSPico.dir/GGVTS.c.obj
                0x20000c48                dataRecieved
 .bss.diagnoseDataSent
                0x20000c49        0x1 CMakeFiles/GGVTSPico.dir/GGVTS.c.obj
                0x20000c49                diagnoseDataSent
 .bss.diagnose_data
                0x20000c4a        0x1 CMakeFiles/GGVTSPico.dir/GGVTS.c.obj
                0x20000c4a                diagnose_data
 .bss.glbCheckLocation
                0x20000c4b        0x1 CMakeFiles/GGVTSPico.dir/gps.c.obj
                0x20000c4b                glbCheckLocation
 .bss.glbColdStartDone
                0x20000c4c        0x1 CMakeFiles/GGVTSPico.dir/gps.c.obj
                0x20000c4c                glbColdStartDone
 .bss.glbLocationFixed
                0x20000c4d        0x1 CMakeFiles/GGVTSPico.dir/gps.c.obj
                0x20000c4d                glbLocationFixed
 .bss.glbWarmStartDone
                0x20000c4e        0x1 CMakeFiles/GGVTSPico.dir/gps.c.obj
                0x20000c4e                glbWarmStartDone
 .bss.glbWarmStartVar
                0x20000c4f        0x1 CMakeFiles/GGVTSPico.dir/gps.c.obj
                0x20000c4f                glbWarmStartVar
 .bss.irq_handler_chain_free_slot_head
                0x20000c50        0x1 CMakeFiles/GGVTSPico.dir/Users/rohanarora/pico-sdk/src/rp2_common/hardware_irq/irq.c.obj
 *(COMMON)
                0x20000c54                        . = ALIGN (0x4)
 *fill*         0x20000c51        0x3 
                0x20000c54                        __bss_end__ = .

.heap           0x20000c54    0x3f3ac load address 0x1000439c
                0x20000c54                        __end__ = .
                0x20000c54                        end = __end__
 *(.heap*)
 .heap          0x20000c54      0x800 CMakeFiles/GGVTSPico.dir/Users/rohanarora/pico-sdk/src/rp2_common/pico_crt0/crt0.S.obj
                0x20040000                        . = (ORIGIN (RAM) + LENGTH (RAM))
 *fill*         0x20001454    0x3ebac 
                0x20040000                        __HeapLimit = .

.scratch_x      0x20040000        0x0 load address 0x1000439c
                0x20040000                        __scratch_x_start__ = .
 *(.scratch_x.*)
                0x20040000                        . = ALIGN (0x4)
                0x20040000                        __scratch_x_end__ = .
                0x1000439c                        __scratch_x_source__ = LOADADDR (.scratch_x)

.scratch_y      0x20041000        0x0 load address 0x1000439c
                0x20041000                        __scratch_y_start__ = .
 *(.scratch_y.*)
                0x20041000                        . = ALIGN (0x4)
                0x20041000                        __scratch_y_end__ = .
                0x1000439c                        __scratch_y_source__ = LOADADDR (.scratch_y)

.stack1_dummy
 *(.stack1*)

.stack_dummy    0x20041000      0x800
 *(.stack*)
 .stack         0x20041000      0x800 CMakeFiles/GGVTSPico.dir/Users/rohanarora/pico-sdk/src/rp2_common/pico_crt0/crt0.S.obj

.flash_end      0x1000439c        0x0
 *(.embedded_end_block*)
                0x1000439c                        PROVIDE (__flash_binary_end = .)
                0x20040000                        __StackLimit = (ORIGIN (RAM) + LENGTH (RAM))
                0x20041000                        __StackOneTop = (ORIGIN (SCRATCH_X) + LENGTH (SCRATCH_X))
                0x20042000                        __StackTop = (ORIGIN (SCRATCH_Y) + LENGTH (SCRATCH_Y))
                0x20041000                        __StackOneBottom = (__StackOneTop - SIZEOF (.stack1_dummy))
                0x20041800                        __StackBottom = (__StackTop - SIZEOF (.stack_dummy))
                0x20042000                        PROVIDE (__stack = __StackTop)
                [!provide]                        PROVIDE (__heap_start = __end__)
                [!provide]                        PROVIDE (__heap_end = __HeapLimit)
                [!provide]                        PROVIDE (__tls_align = MAX (ALIGNOF (.tdata), ALIGNOF (.tbss)))
                [!provide]                        PROVIDE (__tls_size_align = (((__tls_size + __tls_align) - 0x1) & ~ ((__tls_align - 0x1))))
                [!provide]                        PROVIDE (__arm32_tls_tcb_offset = MAX (0x8, __tls_align))
                [!provide]                        PROVIDE (_end = __end__)
                [!provide]                        PROVIDE (__llvm_libc_heap_limit = __HeapLimit)
                0x00000001                        ASSERT ((__StackLimit >= __HeapLimit), region RAM overflowed)
                0x00000001                        ASSERT (((__binary_info_header_end - __logical_binary_start) <= 0x100), Binary info must be in first 256 bytes of the binary)
LOAD CMakeFiles/GGVTSPico.dir/timer.c.obj
LOAD CMakeFiles/GGVTSPico.dir/response.c.obj
LOAD CMakeFiles/GGVTSPico.dir/functionality.c.obj
LOAD CMakeFiles/GGVTSPico.dir/GGVTS.c.obj
LOAD CMakeFiles/GGVTSPico.dir/uartInit.c.obj
LOAD CMakeFiles/GGVTSPico.dir/ledFunctionality.c.obj
LOAD CMakeFiles/GGVTSPico.dir/gsm.c.obj
LOAD CMakeFiles/GGVTSPico.dir/stringoperations.c.obj
LOAD CMakeFiles/GGVTSPico.dir/gps.c.obj
LOAD CMakeFiles/GGVTSPico.dir/authenticator.c.obj
LOAD CMakeFiles/GGVTSPico.dir/Users/rohanarora/pico-sdk/src/rp2_common/pico_stdlib/stdlib.c.obj
LOAD CMakeFiles/GGVTSPico.dir/Users/rohanarora/pico-sdk/src/rp2_common/hardware_gpio/gpio.c.obj
LOAD CMakeFiles/GGVTSPico.dir/Users/rohanarora/pico-sdk/src/rp2040/pico_platform/platform.c.obj
LOAD CMakeFiles/GGVTSPico.dir/Users/rohanarora/pico-sdk/src/rp2_common/pico_platform_panic/panic.c.obj
LOAD CMakeFiles/GGVTSPico.dir/Users/rohanarora/pico-sdk/src/common/hardware_claim/claim.c.obj
LOAD CMakeFiles/GGVTSPico.dir/Users/rohanarora/pico-sdk/src/rp2_common/hardware_sync/sync.c.obj
LOAD CMakeFiles/GGVTSPico.dir/Users/rohanarora/pico-sdk/src/rp2_common/hardware_sync_spin_lock/sync_spin_lock.c.obj
LOAD CMakeFiles/GGVTSPico.dir/Users/rohanarora/pico-sdk/src/rp2_common/hardware_irq/irq.c.obj
LOAD CMakeFiles/GGVTSPico.dir/Users/rohanarora/pico-sdk/src/rp2_common/hardware_irq/irq_handler_chain.S.obj
LOAD CMakeFiles/GGVTSPico.dir/Users/rohanarora/pico-sdk/src/common/pico_sync/sem.c.obj
LOAD CMakeFiles/GGVTSPico.dir/Users/rohanarora/pico-sdk/src/common/pico_sync/lock_core.c.obj
LOAD CMakeFiles/GGVTSPico.dir/Users/rohanarora/pico-sdk/src/common/pico_sync/mutex.c.obj
LOAD CMakeFiles/GGVTSPico.dir/Users/rohanarora/pico-sdk/src/common/pico_sync/critical_section.c.obj
LOAD CMakeFiles/GGVTSPico.dir/Users/rohanarora/pico-sdk/src/common/pico_time/time.c.obj
LOAD CMakeFiles/GGVTSPico.dir/Users/rohanarora/pico-sdk/src/common/pico_time/timeout_helper.c.obj
LOAD CMakeFiles/GGVTSPico.dir/Users/rohanarora/pico-sdk/src/rp2_common/hardware_timer/timer.c.obj
LOAD CMakeFiles/GGVTSPico.dir/Users/rohanarora/pico-sdk/src/common/pico_util/datetime.c.obj
LOAD CMakeFiles/GGVTSPico.dir/Users/rohanarora/pico-sdk/src/common/pico_util/pheap.c.obj
LOAD CMakeFiles/GGVTSPico.dir/Users/rohanarora/pico-sdk/src/common/pico_util/queue.c.obj
LOAD CMakeFiles/GGVTSPico.dir/Users/rohanarora/pico-sdk/src/rp2_common/hardware_uart/uart.c.obj
LOAD CMakeFiles/GGVTSPico.dir/Users/rohanarora/pico-sdk/src/rp2_common/hardware_clocks/clocks.c.obj
LOAD CMakeFiles/GGVTSPico.dir/Users/rohanarora/pico-sdk/src/rp2_common/hardware_pll/pll.c.obj
LOAD CMakeFiles/GGVTSPico.dir/Users/rohanarora/pico-sdk/src/rp2_common/hardware_vreg/vreg.c.obj
LOAD CMakeFiles/GGVTSPico.dir/Users/rohanarora/pico-sdk/src/rp2_common/hardware_watchdog/watchdog.c.obj
LOAD CMakeFiles/GGVTSPico.dir/Users/rohanarora/pico-sdk/src/rp2_common/hardware_ticks/ticks.c.obj
LOAD CMakeFiles/GGVTSPico.dir/Users/rohanarora/pico-sdk/src/rp2_common/hardware_xosc/xosc.c.obj
LOAD CMakeFiles/GGVTSPico.dir/Users/rohanarora/pico-sdk/src/rp2_common/hardware_divider/divider.S.obj
LOAD CMakeFiles/GGVTSPico.dir/Users/rohanarora/pico-sdk/src/rp2_common/pico_runtime/runtime.c.obj
LOAD CMakeFiles/GGVTSPico.dir/Users/rohanarora/pico-sdk/src/rp2_common/pico_runtime_init/runtime_init.c.obj
LOAD CMakeFiles/GGVTSPico.dir/Users/rohanarora/pico-sdk/src/rp2_common/pico_runtime_init/runtime_init_clocks.c.obj
LOAD CMakeFiles/GGVTSPico.dir/Users/rohanarora/pico-sdk/src/rp2_common/pico_runtime_init/runtime_init_stack_guard.c.obj
LOAD CMakeFiles/GGVTSPico.dir/Users/rohanarora/pico-sdk/src/rp2_common/pico_bit_ops/bit_ops_aeabi.S.obj
LOAD CMakeFiles/GGVTSPico.dir/Users/rohanarora/pico-sdk/src/rp2_common/pico_bootrom/bootrom.c.obj
LOAD CMakeFiles/GGVTSPico.dir/Users/rohanarora/pico-sdk/src/rp2_common/pico_bootrom/bootrom_lock.c.obj
LOAD CMakeFiles/GGVTSPico.dir/Users/rohanarora/pico-sdk/src/rp2_common/hardware_boot_lock/boot_lock.c.obj
LOAD CMakeFiles/GGVTSPico.dir/Users/rohanarora/pico-sdk/src/rp2_common/pico_divider/divider_hardware.S.obj
LOAD CMakeFiles/GGVTSPico.dir/Users/rohanarora/pico-sdk/src/rp2_common/pico_double/double_aeabi_rp2040.S.obj
LOAD CMakeFiles/GGVTSPico.dir/Users/rohanarora/pico-sdk/src/rp2_common/pico_double/double_init_rom_rp2040.c.obj
LOAD CMakeFiles/GGVTSPico.dir/Users/rohanarora/pico-sdk/src/rp2_common/pico_double/double_math.c.obj
LOAD CMakeFiles/GGVTSPico.dir/Users/rohanarora/pico-sdk/src/rp2_common/pico_double/double_v1_rom_shim_rp2040.S.obj
LOAD CMakeFiles/GGVTSPico.dir/Users/rohanarora/pico-sdk/src/rp2_common/pico_int64_ops/pico_int64_ops_aeabi.S.obj
LOAD CMakeFiles/GGVTSPico.dir/Users/rohanarora/pico-sdk/src/rp2_common/pico_float/float_aeabi_rp2040.S.obj
LOAD CMakeFiles/GGVTSPico.dir/Users/rohanarora/pico-sdk/src/rp2_common/pico_float/float_init_rom_rp2040.c.obj
LOAD CMakeFiles/GGVTSPico.dir/Users/rohanarora/pico-sdk/src/rp2_common/pico_float/float_math.c.obj
LOAD CMakeFiles/GGVTSPico.dir/Users/rohanarora/pico-sdk/src/rp2_common/pico_float/float_v1_rom_shim_rp2040.S.obj
LOAD CMakeFiles/GGVTSPico.dir/Users/rohanarora/pico-sdk/src/rp2_common/pico_malloc/malloc.c.obj
LOAD CMakeFiles/GGVTSPico.dir/Users/rohanarora/pico-sdk/src/rp2_common/pico_mem_ops/mem_ops_aeabi.S.obj
LOAD CMakeFiles/GGVTSPico.dir/Users/rohanarora/pico-sdk/src/rp2_common/pico_atomic/atomic.c.obj
LOAD CMakeFiles/GGVTSPico.dir/Users/rohanarora/pico-sdk/src/rp2_common/pico_cxx_options/new_delete.cpp.obj
LOAD CMakeFiles/GGVTSPico.dir/Users/rohanarora/pico-sdk/src/rp2_common/pico_standard_binary_info/standard_binary_info.c.obj
LOAD CMakeFiles/GGVTSPico.dir/Users/rohanarora/pico-sdk/src/rp2_common/pico_printf/printf.c.obj
LOAD CMakeFiles/GGVTSPico.dir/Users/rohanarora/pico-sdk/src/rp2_common/pico_crt0/crt0.S.obj
LOAD CMakeFiles/GGVTSPico.dir/Users/rohanarora/pico-sdk/src/rp2_common/pico_clib_interface/newlib_interface.c.obj
LOAD CMakeFiles/GGVTSPico.dir/Users/rohanarora/pico-sdk/src/rp2_common/pico_stdio/stdio.c.obj
LOAD CMakeFiles/GGVTSPico.dir/Users/rohanarora/pico-sdk/src/rp2_common/pico_stdio_uart/stdio_uart.c.obj
LOAD /var/folders/x1/8vb5h0h10nzb592_dmdz7bcc0000gn/T//ccygYfOv.o
LOAD /Applications/ArmGNUToolchain/13.3.rel1/arm-none-eabi/bin/../lib/gcc/arm-none-eabi/13.3.1/../../../../arm-none-eabi/lib/thumb/v6-m/nofp/libstdc++.a
LOAD /Applications/ArmGNUToolchain/13.3.rel1/arm-none-eabi/bin/../lib/gcc/arm-none-eabi/13.3.1/../../../../arm-none-eabi/lib/thumb/v6-m/nofp/libm.a
START GROUP
LOAD /Applications/ArmGNUToolchain/13.3.rel1/arm-none-eabi/bin/../lib/gcc/arm-none-eabi/13.3.1/thumb/v6-m/nofp/libgcc.a
LOAD /Applications/ArmGNUToolchain/13.3.rel1/arm-none-eabi/bin/../lib/gcc/arm-none-eabi/13.3.1/../../../../arm-none-eabi/lib/thumb/v6-m/nofp/libg.a
LOAD /Applications/ArmGNUToolchain/13.3.rel1/arm-none-eabi/bin/../lib/gcc/arm-none-eabi/13.3.1/../../../../arm-none-eabi/lib/thumb/v6-m/nofp/libc.a
END GROUP
START GROUP
LOAD /Applications/ArmGNUToolchain/13.3.rel1/arm-none-eabi/bin/../lib/gcc/arm-none-eabi/13.3.1/thumb/v6-m/nofp/libgcc.a
LOAD /Applications/ArmGNUToolchain/13.3.rel1/arm-none-eabi/bin/../lib/gcc/arm-none-eabi/13.3.1/../../../../arm-none-eabi/lib/thumb/v6-m/nofp/libc.a
LOAD /Applications/ArmGNUToolchain/13.3.rel1/arm-none-eabi/bin/../lib/gcc/arm-none-eabi/13.3.1/../../../../arm-none-eabi/lib/thumb/v6-m/nofp/libnosys.a
END GROUP
LOAD /Applications/ArmGNUToolchain/13.3.rel1/arm-none-eabi/bin/../lib/gcc/arm-none-eabi/13.3.1/thumb/v6-m/nofp/crtend.o
LOAD /Applications/ArmGNUToolchain/13.3.rel1/arm-none-eabi/bin/../lib/gcc/arm-none-eabi/13.3.1/thumb/v6-m/nofp/crtn.o
OUTPUT(GGVTSPico.elf elf32-littlearm)
LOAD linker stubs

.ARM.attributes
                0x00000000       0x28
 .ARM.attributes
                0x00000000       0x1e /Applications/ArmGNUToolchain/13.3.rel1/arm-none-eabi/bin/../lib/gcc/arm-none-eabi/13.3.1/thumb/v6-m/nofp/crti.o
 .ARM.attributes
                0x0000001e       0x2c /Applications/ArmGNUToolchain/13.3.rel1/arm-none-eabi/bin/../lib/gcc/arm-none-eabi/13.3.1/thumb/v6-m/nofp/crtbegin.o
 .ARM.attributes
                0x0000004a       0x2c CMakeFiles/GGVTSPico.dir/timer.c.obj
 .ARM.attributes
                0x00000076       0x2c CMakeFiles/GGVTSPico.dir/response.c.obj
 .ARM.attributes
                0x000000a2       0x2c CMakeFiles/GGVTSPico.dir/functionality.c.obj
 .ARM.attributes
                0x000000ce       0x2c CMakeFiles/GGVTSPico.dir/GGVTS.c.obj
 .ARM.attributes
                0x000000fa       0x2c CMakeFiles/GGVTSPico.dir/uartInit.c.obj
 .ARM.attributes
                0x00000126       0x2c CMakeFiles/GGVTSPico.dir/ledFunctionality.c.obj
 .ARM.attributes
                0x00000152       0x2c CMakeFiles/GGVTSPico.dir/gsm.c.obj
 .ARM.attributes
                0x0000017e       0x2c CMakeFiles/GGVTSPico.dir/stringoperations.c.obj
 .ARM.attributes
                0x000001aa       0x2c CMakeFiles/GGVTSPico.dir/gps.c.obj
 .ARM.attributes
                0x000001d6       0x2c CMakeFiles/GGVTSPico.dir/authenticator.c.obj
 .ARM.attributes
                0x00000202       0x2c CMakeFiles/GGVTSPico.dir/Users/rohanarora/pico-sdk/src/rp2_common/hardware_gpio/gpio.c.obj
 .ARM.attributes
                0x0000022e       0x2c CMakeFiles/GGVTSPico.dir/Users/rohanarora/pico-sdk/src/rp2_common/pico_platform_panic/panic.c.obj
 .ARM.attributes
                0x0000025a       0x2c CMakeFiles/GGVTSPico.dir/Users/rohanarora/pico-sdk/src/common/hardware_claim/claim.c.obj
 .ARM.attributes
                0x00000286       0x2c CMakeFiles/GGVTSPico.dir/Users/rohanarora/pico-sdk/src/rp2_common/hardware_sync/sync.c.obj
 .ARM.attributes
                0x000002b2       0x2c CMakeFiles/GGVTSPico.dir/Users/rohanarora/pico-sdk/src/rp2_common/hardware_sync_spin_lock/sync_spin_lock.c.obj
 .ARM.attributes
                0x000002de       0x2c CMakeFiles/GGVTSPico.dir/Users/rohanarora/pico-sdk/src/rp2_common/hardware_irq/irq.c.obj
 .ARM.attributes
                0x0000030a       0x22 CMakeFiles/GGVTSPico.dir/Users/rohanarora/pico-sdk/src/rp2_common/hardware_irq/irq_handler_chain.S.obj
 .ARM.attributes
                0x0000032c       0x2c CMakeFiles/GGVTSPico.dir/Users/rohanarora/pico-sdk/src/common/pico_sync/lock_core.c.obj
 .ARM.attributes
                0x00000358       0x2c CMakeFiles/GGVTSPico.dir/Users/rohanarora/pico-sdk/src/common/pico_sync/mutex.c.obj
 .ARM.attributes
                0x00000384       0x2c CMakeFiles/GGVTSPico.dir/Users/rohanarora/pico-sdk/src/common/pico_time/time.c.obj
 .ARM.attributes
                0x000003b0       0x2c CMakeFiles/GGVTSPico.dir/Users/rohanarora/pico-sdk/src/rp2_common/hardware_timer/timer.c.obj
 .ARM.attributes
                0x000003dc       0x2c CMakeFiles/GGVTSPico.dir/Users/rohanarora/pico-sdk/src/rp2_common/hardware_uart/uart.c.obj
 .ARM.attributes
                0x00000408       0x2c CMakeFiles/GGVTSPico.dir/Users/rohanarora/pico-sdk/src/rp2_common/hardware_clocks/clocks.c.obj
 .ARM.attributes
                0x00000434       0x2c CMakeFiles/GGVTSPico.dir/Users/rohanarora/pico-sdk/src/rp2_common/hardware_pll/pll.c.obj
 .ARM.attributes
                0x00000460       0x2c CMakeFiles/GGVTSPico.dir/Users/rohanarora/pico-sdk/src/rp2_common/hardware_ticks/ticks.c.obj
 .ARM.attributes
                0x0000048c       0x2c CMakeFiles/GGVTSPico.dir/Users/rohanarora/pico-sdk/src/rp2_common/hardware_xosc/xosc.c.obj
 .ARM.attributes
                0x000004b8       0x2c CMakeFiles/GGVTSPico.dir/Users/rohanarora/pico-sdk/src/rp2_common/pico_runtime/runtime.c.obj
 .ARM.attributes
                0x000004e4       0x2c CMakeFiles/GGVTSPico.dir/Users/rohanarora/pico-sdk/src/rp2_common/pico_runtime_init/runtime_init.c.obj
 .ARM.attributes
                0x00000510       0x2c CMakeFiles/GGVTSPico.dir/Users/rohanarora/pico-sdk/src/rp2_common/pico_runtime_init/runtime_init_clocks.c.obj
 .ARM.attributes
                0x0000053c       0x22 CMakeFiles/GGVTSPico.dir/Users/rohanarora/pico-sdk/src/rp2_common/pico_bit_ops/bit_ops_aeabi.S.obj
 .ARM.attributes
                0x0000055e       0x2c CMakeFiles/GGVTSPico.dir/Users/rohanarora/pico-sdk/src/rp2_common/pico_bootrom/bootrom.c.obj
 .ARM.attributes
                0x0000058a       0x22 CMakeFiles/GGVTSPico.dir/Users/rohanarora/pico-sdk/src/rp2_common/pico_divider/divider_hardware.S.obj
 .ARM.attributes
                0x000005ac       0x22 CMakeFiles/GGVTSPico.dir/Users/rohanarora/pico-sdk/src/rp2_common/pico_double/double_aeabi_rp2040.S.obj
 .ARM.attributes
                0x000005ce       0x2c CMakeFiles/GGVTSPico.dir/Users/rohanarora/pico-sdk/src/rp2_common/pico_double/double_init_rom_rp2040.c.obj
 .ARM.attributes
                0x000005fa       0x22 CMakeFiles/GGVTSPico.dir/Users/rohanarora/pico-sdk/src/rp2_common/pico_double/double_v1_rom_shim_rp2040.S.obj
 .ARM.attributes
                0x0000061c       0x22 CMakeFiles/GGVTSPico.dir/Users/rohanarora/pico-sdk/src/rp2_common/pico_int64_ops/pico_int64_ops_aeabi.S.obj
 .ARM.attributes
                0x0000063e       0x22 CMakeFiles/GGVTSPico.dir/Users/rohanarora/pico-sdk/src/rp2_common/pico_float/float_aeabi_rp2040.S.obj
 .ARM.attributes
                0x00000660       0x2c CMakeFiles/GGVTSPico.dir/Users/rohanarora/pico-sdk/src/rp2_common/pico_float/float_init_rom_rp2040.c.obj
 .ARM.attributes
                0x0000068c       0x22 CMakeFiles/GGVTSPico.dir/Users/rohanarora/pico-sdk/src/rp2_common/pico_float/float_v1_rom_shim_rp2040.S.obj
 .ARM.attributes
                0x000006ae       0x22 CMakeFiles/GGVTSPico.dir/Users/rohanarora/pico-sdk/src/rp2_common/pico_mem_ops/mem_ops_aeabi.S.obj
 .ARM.attributes
                0x000006d0       0x2c CMakeFiles/GGVTSPico.dir/Users/rohanarora/pico-sdk/src/rp2_common/pico_standard_binary_info/standard_binary_info.c.obj
 .ARM.attributes
                0x000006fc       0x2c CMakeFiles/GGVTSPico.dir/Users/rohanarora/pico-sdk/src/rp2_common/pico_printf/printf.c.obj
 .ARM.attributes
                0x00000728       0x22 CMakeFiles/GGVTSPico.dir/Users/rohanarora/pico-sdk/src/rp2_common/pico_crt0/crt0.S.obj
 .ARM.attributes
                0x0000074a       0x2c CMakeFiles/GGVTSPico.dir/Users/rohanarora/pico-sdk/src/rp2_common/pico_clib_interface/newlib_interface.c.obj
 .ARM.attributes
                0x00000776       0x2c CMakeFiles/GGVTSPico.dir/Users/rohanarora/pico-sdk/src/rp2_common/pico_stdio/stdio.c.obj
 .ARM.attributes
                0x000007a2       0x2c CMakeFiles/GGVTSPico.dir/Users/rohanarora/pico-sdk/src/rp2_common/pico_stdio_uart/stdio_uart.c.obj
 .ARM.attributes
                0x000007ce       0x22 /var/folders/x1/8vb5h0h10nzb592_dmdz7bcc0000gn/T//ccygYfOv.o
 .ARM.attributes
                0x000007f0       0x1e /Applications/ArmGNUToolchain/13.3.rel1/arm-none-eabi/bin/../lib/gcc/arm-none-eabi/13.3.1/thumb/v6-m/nofp/libgcc.a(_dvmd_tls.o)
 .ARM.attributes
                0x0000080e       0x1b /Applications/ArmGNUToolchain/13.3.rel1/arm-none-eabi/bin/../lib/gcc/arm-none-eabi/13.3.1/../../../../arm-none-eabi/lib/thumb/v6-m/nofp/libg.a(libc_a-strcmp.o)
 .ARM.attributes
                0x00000829       0x2c /Applications/ArmGNUToolchain/13.3.rel1/arm-none-eabi/bin/../lib/gcc/arm-none-eabi/13.3.1/../../../../arm-none-eabi/lib/thumb/v6-m/nofp/libg.a(libc_a-strlen-stub.o)
 .ARM.attributes
                0x00000855       0x2c /Applications/ArmGNUToolchain/13.3.rel1/arm-none-eabi/bin/../lib/gcc/arm-none-eabi/13.3.1/thumb/v6-m/nofp/crtend.o

.comment        0x00000000       0x45
 .comment       0x00000000       0x45 CMakeFiles/GGVTSPico.dir/timer.c.obj
                                 0x46 (size before relaxing)
 .comment       0x00000045       0x46 CMakeFiles/GGVTSPico.dir/response.c.obj
 .comment       0x00000045       0x46 CMakeFiles/GGVTSPico.dir/functionality.c.obj
 .comment       0x00000045       0x46 CMakeFiles/GGVTSPico.dir/GGVTS.c.obj
 .comment       0x00000045       0x46 CMakeFiles/GGVTSPico.dir/uartInit.c.obj
 .comment       0x00000045       0x46 CMakeFiles/GGVTSPico.dir/ledFunctionality.c.obj
 .comment       0x00000045       0x46 CMakeFiles/GGVTSPico.dir/gsm.c.obj
 .comment       0x00000045       0x46 CMakeFiles/GGVTSPico.dir/stringoperations.c.obj
 .comment       0x00000045       0x46 CMakeFiles/GGVTSPico.dir/gps.c.obj
 .comment       0x00000045       0x46 CMakeFiles/GGVTSPico.dir/authenticator.c.obj
 .comment       0x00000045       0x46 CMakeFiles/GGVTSPico.dir/Users/rohanarora/pico-sdk/src/rp2_common/hardware_gpio/gpio.c.obj
 .comment       0x00000045       0x46 CMakeFiles/GGVTSPico.dir/Users/rohanarora/pico-sdk/src/rp2_common/pico_platform_panic/panic.c.obj
 .comment       0x00000045       0x46 CMakeFiles/GGVTSPico.dir/Users/rohanarora/pico-sdk/src/common/hardware_claim/claim.c.obj
 .comment       0x00000045       0x46 CMakeFiles/GGVTSPico.dir/Users/rohanarora/pico-sdk/src/rp2_common/hardware_sync/sync.c.obj
 .comment       0x00000045       0x46 CMakeFiles/GGVTSPico.dir/Users/rohanarora/pico-sdk/src/rp2_common/hardware_sync_spin_lock/sync_spin_lock.c.obj
 .comment       0x00000045       0x46 CMakeFiles/GGVTSPico.dir/Users/rohanarora/pico-sdk/src/rp2_common/hardware_irq/irq.c.obj
 .comment       0x00000045       0x46 CMakeFiles/GGVTSPico.dir/Users/rohanarora/pico-sdk/src/common/pico_sync/lock_core.c.obj
 .comment       0x00000045       0x46 CMakeFiles/GGVTSPico.dir/Users/rohanarora/pico-sdk/src/common/pico_sync/mutex.c.obj
 .comment       0x00000045       0x46 CMakeFiles/GGVTSPico.dir/Users/rohanarora/pico-sdk/src/common/pico_time/time.c.obj
 .comment       0x00000045       0x46 CMakeFiles/GGVTSPico.dir/Users/rohanarora/pico-sdk/src/rp2_common/hardware_timer/timer.c.obj
 .comment       0x00000045       0x46 CMakeFiles/GGVTSPico.dir/Users/rohanarora/pico-sdk/src/rp2_common/hardware_uart/uart.c.obj
 .comment       0x00000045       0x46 CMakeFiles/GGVTSPico.dir/Users/rohanarora/pico-sdk/src/rp2_common/hardware_clocks/clocks.c.obj
 .comment       0x00000045       0x46 CMakeFiles/GGVTSPico.dir/Users/rohanarora/pico-sdk/src/rp2_common/hardware_pll/pll.c.obj
 .comment       0x00000045       0x46 CMakeFiles/GGVTSPico.dir/Users/rohanarora/pico-sdk/src/rp2_common/hardware_ticks/ticks.c.obj
 .comment       0x00000045       0x46 CMakeFiles/GGVTSPico.dir/Users/rohanarora/pico-sdk/src/rp2_common/hardware_xosc/xosc.c.obj
 .comment       0x00000045       0x46 CMakeFiles/GGVTSPico.dir/Users/rohanarora/pico-sdk/src/rp2_common/pico_runtime/runtime.c.obj
 .comment       0x00000045       0x46 CMakeFiles/GGVTSPico.dir/Users/rohanarora/pico-sdk/src/rp2_common/pico_runtime_init/runtime_init.c.obj
 .comment       0x00000045       0x46 CMakeFiles/GGVTSPico.dir/Users/rohanarora/pico-sdk/src/rp2_common/pico_runtime_init/runtime_init_clocks.c.obj
 .comment       0x00000045       0x46 CMakeFiles/GGVTSPico.dir/Users/rohanarora/pico-sdk/src/rp2_common/pico_bootrom/bootrom.c.obj
 .comment       0x00000045       0x46 CMakeFiles/GGVTSPico.dir/Users/rohanarora/pico-sdk/src/rp2_common/pico_double/double_init_rom_rp2040.c.obj
 .comment       0x00000045       0x46 CMakeFiles/GGVTSPico.dir/Users/rohanarora/pico-sdk/src/rp2_common/pico_float/float_init_rom_rp2040.c.obj
 .comment       0x00000045       0x46 CMakeFiles/GGVTSPico.dir/Users/rohanarora/pico-sdk/src/rp2_common/pico_standard_binary_info/standard_binary_info.c.obj
 .comment       0x00000045       0x46 CMakeFiles/GGVTSPico.dir/Users/rohanarora/pico-sdk/src/rp2_common/pico_printf/printf.c.obj
 .comment       0x00000045       0x46 CMakeFiles/GGVTSPico.dir/Users/rohanarora/pico-sdk/src/rp2_common/pico_clib_interface/newlib_interface.c.obj
 .comment       0x00000045       0x46 CMakeFiles/GGVTSPico.dir/Users/rohanarora/pico-sdk/src/rp2_common/pico_stdio/stdio.c.obj
 .comment       0x00000045       0x46 CMakeFiles/GGVTSPico.dir/Users/rohanarora/pico-sdk/src/rp2_common/pico_stdio_uart/stdio_uart.c.obj

.debug_info     0x00000000    0x2282d
 .debug_info    0x00000000      0x426 CMakeFiles/GGVTSPico.dir/timer.c.obj
 .debug_info    0x00000426      0xae0 CMakeFiles/GGVTSPico.dir/response.c.obj
 .debug_info    0x00000f06     0x14b0 CMakeFiles/GGVTSPico.dir/functionality.c.obj
 .debug_info    0x000023b6      0xfd7 CMakeFiles/GGVTSPico.dir/GGVTS.c.obj
 .debug_info    0x0000338d     0x158b CMakeFiles/GGVTSPico.dir/uartInit.c.obj
 .debug_info    0x00004918      0x90e CMakeFiles/GGVTSPico.dir/ledFunctionality.c.obj
 .debug_info    0x00005226      0x4e8 CMakeFiles/GGVTSPico.dir/gsm.c.obj
 .debug_info    0x0000570e      0x5f2 CMakeFiles/GGVTSPico.dir/stringoperations.c.obj
 .debug_info    0x00005d00      0xae5 CMakeFiles/GGVTSPico.dir/gps.c.obj
 .debug_info    0x000067e5      0x1ec CMakeFiles/GGVTSPico.dir/authenticator.c.obj
 .debug_info    0x000069d1     0x2437 CMakeFiles/GGVTSPico.dir/Users/rohanarora/pico-sdk/src/rp2_common/hardware_gpio/gpio.c.obj
 .debug_info    0x00008e08      0x1bf CMakeFiles/GGVTSPico.dir/Users/rohanarora/pico-sdk/src/rp2_common/pico_platform_panic/panic.c.obj
 .debug_info    0x00008fc7      0x995 CMakeFiles/GGVTSPico.dir/Users/rohanarora/pico-sdk/src/common/hardware_claim/claim.c.obj
 .debug_info    0x0000995c      0x458 CMakeFiles/GGVTSPico.dir/Users/rohanarora/pico-sdk/src/rp2_common/hardware_sync/sync.c.obj
 .debug_info    0x00009db4      0x245 CMakeFiles/GGVTSPico.dir/Users/rohanarora/pico-sdk/src/rp2_common/hardware_sync_spin_lock/sync_spin_lock.c.obj
 .debug_info    0x00009ff9     0x21a8 CMakeFiles/GGVTSPico.dir/Users/rohanarora/pico-sdk/src/rp2_common/hardware_irq/irq.c.obj
 .debug_info    0x0000c1a1      0x15f CMakeFiles/GGVTSPico.dir/Users/rohanarora/pico-sdk/src/common/pico_sync/lock_core.c.obj
 .debug_info    0x0000c300     0x2803 CMakeFiles/GGVTSPico.dir/Users/rohanarora/pico-sdk/src/common/pico_sync/mutex.c.obj
 .debug_info    0x0000eb03     0x495a CMakeFiles/GGVTSPico.dir/Users/rohanarora/pico-sdk/src/common/pico_time/time.c.obj
 .debug_info    0x0001345d     0x2af8 CMakeFiles/GGVTSPico.dir/Users/rohanarora/pico-sdk/src/rp2_common/hardware_timer/timer.c.obj
 .debug_info    0x00015f55     0x195f CMakeFiles/GGVTSPico.dir/Users/rohanarora/pico-sdk/src/rp2_common/hardware_uart/uart.c.obj
 .debug_info    0x000178b4     0x291d CMakeFiles/GGVTSPico.dir/Users/rohanarora/pico-sdk/src/rp2_common/hardware_clocks/clocks.c.obj
 .debug_info    0x0001a1d1      0x4e5 CMakeFiles/GGVTSPico.dir/Users/rohanarora/pico-sdk/src/rp2_common/hardware_pll/pll.c.obj
 .debug_info    0x0001a6b6      0x248 CMakeFiles/GGVTSPico.dir/Users/rohanarora/pico-sdk/src/rp2_common/hardware_ticks/ticks.c.obj
 .debug_info    0x0001a8fe      0x1cc CMakeFiles/GGVTSPico.dir/Users/rohanarora/pico-sdk/src/rp2_common/hardware_xosc/xosc.c.obj
 .debug_info    0x0001aaca      0x21a CMakeFiles/GGVTSPico.dir/Users/rohanarora/pico-sdk/src/rp2_common/pico_runtime/runtime.c.obj
 .debug_info    0x0001ace4      0x795 CMakeFiles/GGVTSPico.dir/Users/rohanarora/pico-sdk/src/rp2_common/pico_runtime_init/runtime_init.c.obj
 .debug_info    0x0001b479      0x780 CMakeFiles/GGVTSPico.dir/Users/rohanarora/pico-sdk/src/rp2_common/pico_runtime_init/runtime_init_clocks.c.obj
 .debug_info    0x0001bbf9       0x23 CMakeFiles/GGVTSPico.dir/Users/rohanarora/pico-sdk/src/rp2_common/pico_bit_ops/bit_ops_aeabi.S.obj
 .debug_info    0x0001bc1c      0x50f CMakeFiles/GGVTSPico.dir/Users/rohanarora/pico-sdk/src/rp2_common/pico_bootrom/bootrom.c.obj
 .debug_info    0x0001c12b       0x23 CMakeFiles/GGVTSPico.dir/Users/rohanarora/pico-sdk/src/rp2_common/pico_divider/divider_hardware.S.obj
 .debug_info    0x0001c14e       0x23 CMakeFiles/GGVTSPico.dir/Users/rohanarora/pico-sdk/src/rp2_common/pico_double/double_aeabi_rp2040.S.obj
 .debug_info    0x0001c171      0x283 CMakeFiles/GGVTSPico.dir/Users/rohanarora/pico-sdk/src/rp2_common/pico_double/double_init_rom_rp2040.c.obj
 .debug_info    0x0001c3f4       0x23 CMakeFiles/GGVTSPico.dir/Users/rohanarora/pico-sdk/src/rp2_common/pico_double/double_v1_rom_shim_rp2040.S.obj
 .debug_info    0x0001c417       0x24 CMakeFiles/GGVTSPico.dir/Users/rohanarora/pico-sdk/src/rp2_common/pico_int64_ops/pico_int64_ops_aeabi.S.obj
 .debug_info    0x0001c43b       0x23 CMakeFiles/GGVTSPico.dir/Users/rohanarora/pico-sdk/src/rp2_common/pico_float/float_aeabi_rp2040.S.obj
 .debug_info    0x0001c45e      0x283 CMakeFiles/GGVTSPico.dir/Users/rohanarora/pico-sdk/src/rp2_common/pico_float/float_init_rom_rp2040.c.obj
 .debug_info    0x0001c6e1       0x23 CMakeFiles/GGVTSPico.dir/Users/rohanarora/pico-sdk/src/rp2_common/pico_float/float_v1_rom_shim_rp2040.S.obj
 .debug_info    0x0001c704       0x23 CMakeFiles/GGVTSPico.dir/Users/rohanarora/pico-sdk/src/rp2_common/pico_mem_ops/mem_ops_aeabi.S.obj
 .debug_info    0x0001c727      0x28e CMakeFiles/GGVTSPico.dir/Users/rohanarora/pico-sdk/src/rp2_common/pico_standard_binary_info/standard_binary_info.c.obj
 .debug_info    0x0001c9b5     0x211a CMakeFiles/GGVTSPico.dir/Users/rohanarora/pico-sdk/src/rp2_common/pico_printf/printf.c.obj
 .debug_info    0x0001eacf       0x23 CMakeFiles/GGVTSPico.dir/Users/rohanarora/pico-sdk/src/rp2_common/pico_crt0/crt0.S.obj
 .debug_info    0x0001eaf2      0xb54 CMakeFiles/GGVTSPico.dir/Users/rohanarora/pico-sdk/src/rp2_common/pico_clib_interface/newlib_interface.c.obj
 .debug_info    0x0001f646     0x1cdd CMakeFiles/GGVTSPico.dir/Users/rohanarora/pico-sdk/src/rp2_common/pico_stdio/stdio.c.obj
 .debug_info    0x00021323     0x150a CMakeFiles/GGVTSPico.dir/Users/rohanarora/pico-sdk/src/rp2_common/pico_stdio_uart/stdio_uart.c.obj

.debug_abbrev   0x00000000     0x690a
 .debug_abbrev  0x00000000      0x1dd CMakeFiles/GGVTSPico.dir/timer.c.obj
 .debug_abbrev  0x000001dd      0x32e CMakeFiles/GGVTSPico.dir/response.c.obj
 .debug_abbrev  0x0000050b      0x402 CMakeFiles/GGVTSPico.dir/functionality.c.obj
 .debug_abbrev  0x0000090d      0x31f CMakeFiles/GGVTSPico.dir/GGVTS.c.obj
 .debug_abbrev  0x00000c2c      0x3f9 CMakeFiles/GGVTSPico.dir/uartInit.c.obj
 .debug_abbrev  0x00001025      0x232 CMakeFiles/GGVTSPico.dir/ledFunctionality.c.obj
 .debug_abbrev  0x00001257      0x194 CMakeFiles/GGVTSPico.dir/gsm.c.obj
 .debug_abbrev  0x000013eb      0x1d6 CMakeFiles/GGVTSPico.dir/stringoperations.c.obj
 .debug_abbrev  0x000015c1      0x24e CMakeFiles/GGVTSPico.dir/gps.c.obj
 .debug_abbrev  0x0000180f      0x11e CMakeFiles/GGVTSPico.dir/authenticator.c.obj
 .debug_abbrev  0x0000192d      0x4f9 CMakeFiles/GGVTSPico.dir/Users/rohanarora/pico-sdk/src/rp2_common/hardware_gpio/gpio.c.obj
 .debug_abbrev  0x00001e26      0x12b CMakeFiles/GGVTSPico.dir/Users/rohanarora/pico-sdk/src/rp2_common/pico_platform_panic/panic.c.obj
 .debug_abbrev  0x00001f51      0x33b CMakeFiles/GGVTSPico.dir/Users/rohanarora/pico-sdk/src/common/hardware_claim/claim.c.obj
 .debug_abbrev  0x0000228c      0x20d CMakeFiles/GGVTSPico.dir/Users/rohanarora/pico-sdk/src/rp2_common/hardware_sync/sync.c.obj
 .debug_abbrev  0x00002499      0x1bb CMakeFiles/GGVTSPico.dir/Users/rohanarora/pico-sdk/src/rp2_common/hardware_sync_spin_lock/sync_spin_lock.c.obj
 .debug_abbrev  0x00002654      0x5ff CMakeFiles/GGVTSPico.dir/Users/rohanarora/pico-sdk/src/rp2_common/hardware_irq/irq.c.obj
 .debug_abbrev  0x00002c53       0xee CMakeFiles/GGVTSPico.dir/Users/rohanarora/pico-sdk/src/common/pico_sync/lock_core.c.obj
 .debug_abbrev  0x00002d41      0x48c CMakeFiles/GGVTSPico.dir/Users/rohanarora/pico-sdk/src/common/pico_sync/mutex.c.obj
 .debug_abbrev  0x000031cd      0x672 CMakeFiles/GGVTSPico.dir/Users/rohanarora/pico-sdk/src/common/pico_time/time.c.obj
 .debug_abbrev  0x0000383f      0x503 CMakeFiles/GGVTSPico.dir/Users/rohanarora/pico-sdk/src/rp2_common/hardware_timer/timer.c.obj
 .debug_abbrev  0x00003d42      0x365 CMakeFiles/GGVTSPico.dir/Users/rohanarora/pico-sdk/src/rp2_common/hardware_uart/uart.c.obj
 .debug_abbrev  0x000040a7      0x4e2 CMakeFiles/GGVTSPico.dir/Users/rohanarora/pico-sdk/src/rp2_common/hardware_clocks/clocks.c.obj
 .debug_abbrev  0x00004589      0x1d2 CMakeFiles/GGVTSPico.dir/Users/rohanarora/pico-sdk/src/rp2_common/hardware_pll/pll.c.obj
 .debug_abbrev  0x0000475b      0x145 CMakeFiles/GGVTSPico.dir/Users/rohanarora/pico-sdk/src/rp2_common/hardware_ticks/ticks.c.obj
 .debug_abbrev  0x000048a0      0x11b CMakeFiles/GGVTSPico.dir/Users/rohanarora/pico-sdk/src/rp2_common/hardware_xosc/xosc.c.obj
 .debug_abbrev  0x000049bb      0x182 CMakeFiles/GGVTSPico.dir/Users/rohanarora/pico-sdk/src/rp2_common/pico_runtime/runtime.c.obj
 .debug_abbrev  0x00004b3d      0x222 CMakeFiles/GGVTSPico.dir/Users/rohanarora/pico-sdk/src/rp2_common/pico_runtime_init/runtime_init.c.obj
 .debug_abbrev  0x00004d5f      0x294 CMakeFiles/GGVTSPico.dir/Users/rohanarora/pico-sdk/src/rp2_common/pico_runtime_init/runtime_init_clocks.c.obj
 .debug_abbrev  0x00004ff3       0x12 CMakeFiles/GGVTSPico.dir/Users/rohanarora/pico-sdk/src/rp2_common/pico_bit_ops/bit_ops_aeabi.S.obj
 .debug_abbrev  0x00005005      0x1b9 CMakeFiles/GGVTSPico.dir/Users/rohanarora/pico-sdk/src/rp2_common/pico_bootrom/bootrom.c.obj
 .debug_abbrev  0x000051be       0x12 CMakeFiles/GGVTSPico.dir/Users/rohanarora/pico-sdk/src/rp2_common/pico_divider/divider_hardware.S.obj
 .debug_abbrev  0x000051d0       0x12 CMakeFiles/GGVTSPico.dir/Users/rohanarora/pico-sdk/src/rp2_common/pico_double/double_aeabi_rp2040.S.obj
 .debug_abbrev  0x000051e2      0x17a CMakeFiles/GGVTSPico.dir/Users/rohanarora/pico-sdk/src/rp2_common/pico_double/double_init_rom_rp2040.c.obj
 .debug_abbrev  0x0000535c       0x12 CMakeFiles/GGVTSPico.dir/Users/rohanarora/pico-sdk/src/rp2_common/pico_double/double_v1_rom_shim_rp2040.S.obj
 .debug_abbrev  0x0000536e       0x14 CMakeFiles/GGVTSPico.dir/Users/rohanarora/pico-sdk/src/rp2_common/pico_int64_ops/pico_int64_ops_aeabi.S.obj
 .debug_abbrev  0x00005382       0x12 CMakeFiles/GGVTSPico.dir/Users/rohanarora/pico-sdk/src/rp2_common/pico_float/float_aeabi_rp2040.S.obj
 .debug_abbrev  0x00005394      0x173 CMakeFiles/GGVTSPico.dir/Users/rohanarora/pico-sdk/src/rp2_common/pico_float/float_init_rom_rp2040.c.obj
 .debug_abbrev  0x00005507       0x12 CMakeFiles/GGVTSPico.dir/Users/rohanarora/pico-sdk/src/rp2_common/pico_float/float_v1_rom_shim_rp2040.S.obj
 .debug_abbrev  0x00005519       0x12 CMakeFiles/GGVTSPico.dir/Users/rohanarora/pico-sdk/src/rp2_common/pico_mem_ops/mem_ops_aeabi.S.obj
 .debug_abbrev  0x0000552b       0xb8 CMakeFiles/GGVTSPico.dir/Users/rohanarora/pico-sdk/src/rp2_common/pico_standard_binary_info/standard_binary_info.c.obj
 .debug_abbrev  0x000055e3      0x525 CMakeFiles/GGVTSPico.dir/Users/rohanarora/pico-sdk/src/rp2_common/pico_printf/printf.c.obj
 .debug_abbrev  0x00005b08       0x12 CMakeFiles/GGVTSPico.dir/Users/rohanarora/pico-sdk/src/rp2_common/pico_crt0/crt0.S.obj
 .debug_abbrev  0x00005b1a      0x352 CMakeFiles/GGVTSPico.dir/Users/rohanarora/pico-sdk/src/rp2_common/pico_clib_interface/newlib_interface.c.obj
 .debug_abbrev  0x00005e6c      0x5eb CMakeFiles/GGVTSPico.dir/Users/rohanarora/pico-sdk/src/rp2_common/pico_stdio/stdio.c.obj
 .debug_abbrev  0x00006457      0x4b3 CMakeFiles/GGVTSPico.dir/Users/rohanarora/pico-sdk/src/rp2_common/pico_stdio_uart/stdio_uart.c.obj

.debug_loclists
                0x00000000    0x11b0b
 .debug_loclists
                0x00000000       0x76 CMakeFiles/GGVTSPico.dir/timer.c.obj
 .debug_loclists
                0x00000076      0x291 CMakeFiles/GGVTSPico.dir/response.c.obj
 .debug_loclists
                0x00000307      0x43b CMakeFiles/GGVTSPico.dir/functionality.c.obj
 .debug_loclists
                0x00000742       0x40 CMakeFiles/GGVTSPico.dir/GGVTS.c.obj
 .debug_loclists
                0x00000782      0x78d CMakeFiles/GGVTSPico.dir/uartInit.c.obj
 .debug_loclists
                0x00000f0f      0x1b4 CMakeFiles/GGVTSPico.dir/ledFunctionality.c.obj
 .debug_loclists
                0x000010c3      0x13e CMakeFiles/GGVTSPico.dir/gsm.c.obj
 .debug_loclists
                0x00001201      0x53b CMakeFiles/GGVTSPico.dir/stringoperations.c.obj
 .debug_loclists
                0x0000173c      0x277 CMakeFiles/GGVTSPico.dir/gps.c.obj
 .debug_loclists
                0x000019b3       0x37 CMakeFiles/GGVTSPico.dir/authenticator.c.obj
 .debug_loclists
                0x000019ea     0x1a03 CMakeFiles/GGVTSPico.dir/Users/rohanarora/pico-sdk/src/rp2_common/hardware_gpio/gpio.c.obj
 .debug_loclists
                0x000033ed      0x36e CMakeFiles/GGVTSPico.dir/Users/rohanarora/pico-sdk/src/common/hardware_claim/claim.c.obj
 .debug_loclists
                0x0000375b       0xf1 CMakeFiles/GGVTSPico.dir/Users/rohanarora/pico-sdk/src/rp2_common/hardware_sync/sync.c.obj
 .debug_loclists
                0x0000384c       0x7d CMakeFiles/GGVTSPico.dir/Users/rohanarora/pico-sdk/src/rp2_common/hardware_sync_spin_lock/sync_spin_lock.c.obj
 .debug_loclists
                0x000038c9     0x116f CMakeFiles/GGVTSPico.dir/Users/rohanarora/pico-sdk/src/rp2_common/hardware_irq/irq.c.obj
 .debug_loclists
                0x00004a38       0x41 CMakeFiles/GGVTSPico.dir/Users/rohanarora/pico-sdk/src/common/pico_sync/lock_core.c.obj
 .debug_loclists
                0x00004a79      0xafa CMakeFiles/GGVTSPico.dir/Users/rohanarora/pico-sdk/src/common/pico_sync/mutex.c.obj
 .debug_loclists
                0x00005573     0x25a4 CMakeFiles/GGVTSPico.dir/Users/rohanarora/pico-sdk/src/common/pico_time/time.c.obj
 .debug_loclists
                0x00007b17     0x19ea CMakeFiles/GGVTSPico.dir/Users/rohanarora/pico-sdk/src/rp2_common/hardware_timer/timer.c.obj
 .debug_loclists
                0x00009501      0xc90 CMakeFiles/GGVTSPico.dir/Users/rohanarora/pico-sdk/src/rp2_common/hardware_uart/uart.c.obj
 .debug_loclists
                0x0000a191     0x28a5 CMakeFiles/GGVTSPico.dir/Users/rohanarora/pico-sdk/src/rp2_common/hardware_clocks/clocks.c.obj
 .debug_loclists
                0x0000ca36      0x1e0 CMakeFiles/GGVTSPico.dir/Users/rohanarora/pico-sdk/src/rp2_common/hardware_pll/pll.c.obj
 .debug_loclists
                0x0000cc16       0x47 CMakeFiles/GGVTSPico.dir/Users/rohanarora/pico-sdk/src/rp2_common/hardware_ticks/ticks.c.obj
 .debug_loclists
                0x0000cc5d       0x48 CMakeFiles/GGVTSPico.dir/Users/rohanarora/pico-sdk/src/rp2_common/hardware_xosc/xosc.c.obj
 .debug_loclists
                0x0000cca5       0x7e CMakeFiles/GGVTSPico.dir/Users/rohanarora/pico-sdk/src/rp2_common/pico_runtime/runtime.c.obj
 .debug_loclists
                0x0000cd23       0xba CMakeFiles/GGVTSPico.dir/Users/rohanarora/pico-sdk/src/rp2_common/pico_runtime_init/runtime_init.c.obj
 .debug_loclists
                0x0000cddd       0x74 CMakeFiles/GGVTSPico.dir/Users/rohanarora/pico-sdk/src/rp2_common/pico_runtime_init/runtime_init_clocks.c.obj
 .debug_loclists